              |___|                    |___|            

Arago Project am64xx-evm ttyS2

Arago 2025.01 am64xx-evm ttyS2

Type 'root' to login with superuser privileges (no password will be asked).

am64xx-evm login: If you do not wish to distribute GPL-3.0 components please remove
the above packages prior to distribution.  This can be done using
the opkg remove command.  i.e.:
    opkg remove <package>
Where <package> is the name printed in the list above

NOTE: If the package is a dependency of another package you
      will be notified of the dependent packages.  You should
      use the --force-removal-of-dependent-packages option to
      also remove the dependent packages as well
***************************************************************
***************************************************************
[   22.937410] omap-mailbox 29020000.mailbox: omap mailbox rev 0x66fc9100
[   23.123141] omap-mailbox 29040000.mailbox: omap mailbox rev 0x66fc9100
[   23.176893] omap-mailbox 29060000.mailbox: omap mailbox rev 0x66fc9100
[   23.199954] lm75 1-0048: supply vs not found, using dummy regulator
[   23.221676] hwmon hwmon0: temp1_input not attached to any thermal zone
[   23.234625] lm75 1-0048: hwmon0: sensor 'tmp100'
[   23.249252] lm75 1-0049: supply vs not found, using dummy regulator
[   23.277246] hwmon hwmon1: temp1_input not attached to any thermal zone
[   23.288151] lm75 1-0049: hwmon1: sensor 'tmp100'
[   23.548942] at24 0-0051: supply vcc not found, using dummy regulator
[   23.661208] at24 0-0051: 65536 byte 24c512 EEPROM, writable, 1 bytes/write
[   23.945142] k3-m4-rproc 5000000.m4fss: assigned reserved memory node memory@a4000000
[   23.948403] platform 78000000.r5f: R5F core may have been powered on by a different host, programmed state (0) != actual state (1)
[   23.968338] platform 78000000.r5f: configured R5F for IPC-only mode
[   23.988323] k3-m4-rproc 5000000.m4fss: configured M4F for remoteproc mode
[   24.025016] remoteproc remoteproc0: 5000000.m4fss is available
[   24.058001] platform 78000000.r5f: assigned reserved memory node memory@a0000000
[   24.076176] remoteproc remoteproc0: powering up 5000000.m4fss
[   24.092156] remoteproc remoteproc0: Booting fw image am64-mcu-m4f0_0-fw, size 88356
[   24.096229] remoteproc remoteproc1: 78000000.r5f is available
[   24.115359] rproc-virtio rproc-virtio.0.auto: assigned reserved memory node memory@a4000000
[   24.116254] remoteproc remoteproc1: attaching to 78000000.r5f
[   24.135404] rproc-virtio rproc-virtio.1.auto: assigned reserved memory node memory@a0000000
[   24.145058] virtio_rpmsg_bus virtio0: rpmsg host is online
[   24.173216] virtio_rpmsg_bus virtio1: rpmsg host is online
[   24.174350] virtio_rpmsg_bus virtio1: creating channel rpmsg-client-sample addr 0xd
[   24.180577] rproc-virtio rproc-virtio.0.auto: registered virtio1 (type 7)
[   24.186720] virtio_rpmsg_bus virtio1: creating channel rpmsg_chrdev addr 0xe
[   24.203507] rproc-virtio rproc-virtio.1.auto: registered virtio0 (type 7)
[   24.210806] remoteproc remoteproc1: remote processor 78000000.r5f is now attached
[   24.211003] remoteproc remoteproc0: remote processor 5000000.m4fss is now up
[   24.252188] platform 78200000.r5f: R5F core may have been powered on by a different host, programmed state (0) != actual state (1)
[   24.290556] bridge: filtering via arp/ip/ip6tables is no longer available by default. Update your scripts to load br_netfilter if you need this.
[   24.377030] platform 78200000.r5f: configured R5F for IPC-only mode
[   24.437784] platform 78200000.r5f: assigned reserved memory node memory@a1000000
[   24.492884] remoteproc remoteproc2: 78200000.r5f is available
[   24.516242] remoteproc remoteproc2: attaching to 78200000.r5f
[   24.524170] remoteproc remoteproc2: remote processor 78200000.r5f is now attached
[   24.634322] platform 78400000.r5f: configured R5F for remoteproc mode
[   24.699108] platform 78400000.r5f: assigned reserved memory node memory@a2000000
[   24.713233] remoteproc remoteproc3: 78400000.r5f is available
[   24.722008] platform 78600000.r5f: configured R5F for remoteproc mode
[   24.734234] remoteproc remoteproc3: powering up 78400000.r5f
[   24.740218] remoteproc remoteproc3: Booting fw image am64-main-r5f1_0-fw, size 93260
[   24.752347] rproc-virtio rproc-virtio.2.auto: assigned reserved memory node memory@a2000000
[   24.765285] virtio_rpmsg_bus virtio2: rpmsg host is online
[   24.770976] virtio_rpmsg_bus virtio2: creating channel rpmsg_chrdev addr 0xe
[   24.778590] rproc-virtio rproc-virtio.2.auto: registered virtio2 (type 7)
[   24.788193] remoteproc remoteproc3: remote processor 78400000.r5f is now up
[   24.799557] platform 78600000.r5f: assigned reserved memory node memory@a3000000
[   24.867444] remoteproc remoteproc4: 78600000.r5f is available
[   24.879097] remoteproc remoteproc4: powering up 78600000.r5f
[   24.885994] remoteproc remoteproc4: Booting fw image am64-main-r5f1_1-fw, size 91520
[   24.904571] rproc-virtio rproc-virtio.3.auto: assigned reserved memory node memory@a3000000
[   24.928615] virtio_rpmsg_bus virtio3: rpmsg host is online
[   24.934277] virtio_rpmsg_bus virtio3: creating channel rpmsg_chrdev addr 0xe
[   24.942011] rproc-virtio rproc-virtio.3.auto: registered virtio3 (type 7)
[   24.948904] remoteproc remoteproc4: remote processor 78600000.r5f is now up
[   26.700271] remoteproc remoteproc5: 3000a000.txpru is available
[   26.710788] remoteproc remoteproc6: 3000c000.txpru is available
[   26.721065] remoteproc remoteproc7: 3008a000.txpru is available
[   26.728791] remoteproc remoteproc8: 3008c000.txpru is available
[   26.786901] remoteproc remoteproc9: 30086000.rtu is available
[   26.874662] remoteproc remoteproc10: 30004000.rtu is available
[   26.913345] remoteproc remoteproc11: 30038000.pru is available
[   26.933277] remoteproc remoteproc12: 30006000.rtu is available
[   26.954154] 30028000.serial: ttyS3 at MMIO 0x30028000 (irq = 536, base_baud = 12000000) is a 16550A
[   27.005510] remoteproc remoteproc13: 300b4000.pru is available
[   27.016703] remoteproc remoteproc14: 30084000.rtu is available
[   27.032272] remoteproc remoteproc15: 30034000.pru is available
[   27.050272] remoteproc remoteproc16: 300b8000.pru is available
[   27.399663] xhci-hcd xhci-hcd.5.auto: xHCI Host Controller
[   27.432280] xhci-hcd xhci-hcd.5.auto: new USB bus registered, assigned bus number 1
[   27.488766] xhci-hcd xhci-hcd.5.auto: hcc params 0x200073c9 hci version 0x100 quirks 0x0000002000008010
[   27.536722] xhci-hcd xhci-hcd.5.auto: irq 537, io mem 0x0f410000
[   27.548699] xhci-hcd xhci-hcd.5.auto: xHCI Host Controller
[   27.556395] xhci-hcd xhci-hcd.5.auto: new USB bus registered, assigned bus number 2
[   27.568207] xhci-hcd xhci-hcd.5.auto: Host supports USB 3.0 SuperSpeed
[   27.585330] hub 1-0:1.0: USB hub found
[   27.592248] hub 1-0:1.0: 1 port detected
[   27.618857] usb usb2: We don't know the algorithms for LPM for this host, disabling LPM.
[   27.634137] hub 2-0:1.0: USB hub found
[   27.638534] hub 2-0:1.0: 1 port detected
[   27.810876] wl18xx_driver wl18xx.4.auto: Direct firmware load for ti-connectivity/wl1271-nvs.bin failed with error -2
[   27.976359] usb 2-1: new SuperSpeed USB device number 2 using xhci-hcd
[   28.160805] wlcore: wl18xx HW: 183x or 180x, PG 2.2 (ROM 0x11)
[   28.177322] wlcore: loaded
[   28.713629] wlcore: using inverted interrupt logic: 2
[   28.794722] wlcore: PHY firmware version: Rev 8.2.0.0.245
[   28.895523] wlcore: firmware booted (Rev 8.9.0.0.86)
[   30.231765] usb-storage 2-1:1.0: USB Mass Storage device detected
[   30.238951] scsi host0: usb-storage 2-1:1.0
[   31.273267] scsi 0:0:0:0: Direct-Access      USB      SanDisk 3.2Gen1 1.00 PQ: 0 ANSI: 7
[   31.286794] sd 0:0:0:0: [sda] 240253440 512-byte logical blocks: (123 GB/115 GiB)
[   31.295412] sd 0:0:0:0: [sda] Write Protect is off
[   31.304669] sd 0:0:0:0: [sda] Write cache: disabled, read cache: enabled, doesn't support DPO or FUA
[   31.357287]  sda: sda1 sda2
[   31.361007] sd 0:0:0:0: [sda] Attached SCSI removable disk
[   32.848512] EXT4-fs (sda2): mounted filesystem 06883515-4288-4985-b5ef-cbd7d92e2d0b r/w with ordered data mode. Quota mode: none.
root

]3008;start=743e7dda287f4cbbae91596bcf08d775;user=root;hostname=am64xx-evm;machineid=53a6015ac8ae4fc6a631082bca70a1cd;bootid=7d197791cf814e77968811d7036793cc;pid=317;pidfdid=318;comm=login;targetuser=root;sessionid=c1;type=session\7[r[999;999H[6n8root@am64xx-evm:~# pwd
/root
root@am64xx-evm:~# 
root@am64xx-evm:~# [ 6990.205843] am65-cpsw-nuss 8000000.ethernet eth1: Link is Down
[ 6995.325635] am65-cpsw-nuss 8000000.ethernet eth1: Link is Up - 1Gbps/Full - flow control off

root@am64xx-evm:~# 
root@am64xx-evm:~# ls /run/media && mount | grep -E 'mmcblk1p1|mmcblk1p2|sda2'
ROMBOOT-sda1  boot-mmcblk1p1  usb-rootfs-sda2
/dev/mmcblk1p2 on / type ext4 (rw,relatime)
/dev/mmcblk1p1 on /run/media/boot-mmcblk1p1 type vfat (rw,relatime,gid=6,fmask=0007,dmask=0007,allow_utime=0020,codepage=437,iocharset=iso8859-1,shortname=mixed,errors=remount-ro)
/dev/sda2 on /run/media/usb-rootfs-sda2 type ext4 (rw,relatime)
root@am64xx-evm:~# sh -c 'for f in /run/media/*/uEnv.txt /boot/uEnv.txt; do [ -f "" ] && { echo ======; sed -n "1,200p" ""; }; done'
root@am64xx-evm:~# sh -c 'uname -a; cat /proc/cmdline'
Linux am64xx-evm 6.18.13-gc21449208550 #1 SMP PREEMPT Thu May 14 09:49:02 KST 2026 aarch64 GNU/Linux
console=ttyS2,115200n8 earlycon=ns16550a,mmio32,0x02800000 root=PARTUUID=076c4a2a-02 rw rootfstype=ext4 rootwait
root@am64xx-evm:~# sh -c 'for f in /run/media/*/uEnv.txt /boot/uEnv.txt; do [ -f "$f" ] && { echo ===$f===; sed -n "1,200p" "$f"; }; done'
===/run/media/boot-mmcblk1p1/uEnv.txt===
# Baseline rehearsal restore template
#
# The current board already imports uEnv.txt if present.
# Keeping this file comment-only preserves the existing env-driven SD boot path.
root@am64xx-evm:~# sh -c 'ls -1 /run/media/boot-mmcblk1p1 | sed -n "1,200p"'
EFI
Image
System Volume Information
backup
tiboot3-am64x-gp-evm.bin
tiboot3-am64x-gp-evm.bin-ecdsa
tiboot3-am64x_sr2-hs-evm.bin
tiboot3-am64x_sr2-hs-evm.bin-ecdsa
tiboot3-am64x_sr2-hs-fs-evm.bin
tiboot3-am64x_sr2-hs-fs-evm.bin-ecdsa
tiboot3.bin
tiboot3.bin-ecdsa
tiboot3.prebuilt.bin
tispl.bin
tispl.bin-ecdsa
tispl.prebuilt.bin
u-boot.img
u-boot.img-ecdsa
u-boot.prebuilt.img
uEnv.txt
uEnv.txt.pre-rootwait-usbdiag
uEnv.txt.pre-scsi-sync-test
uEnv.txt.pre-sd-initsh-diag
root@am64xx-evm:~# sh -c 'find /run/media/boot-mmcblk1p1/EFI -maxdepth 3 -type f 2>/dev/null | sed -n "1,200p"'
/run/media/boot-mmcblk1p1/EFI/BOOT/bootaa64.efi
/run/media/boot-mmcblk1p1/EFI/BOOT/grub.cfg
root@am64xx-evm:~# sed -n '1,200p' /run/media/boot-mmcblk1p1/EFI/BOOT/grub.cfg
serial --unit=0 --speed=115200 --word=8 --parity=no --stop=1
default=boot
timeout=3
menuentry 'boot'{
linux /Image root=PARTUUID=076c4a2a-02 rootwait rootfstype=ext4 console=ttyS2,115200
}
root@am64xx-evm:~# find /run/media/boot-mmcblk1p1 -maxdepth 2 -name '*.dtb' | sed -n '1,200p'
root@am64xx-evm:~# [ 7978.355693] am65-cpsw-nuss 8000000.ethernet eth1: Link is Down

root@am64xx-evm:~# 
root@am64xx-evm:~# [12796.221760] am65-cpsw-nuss 8000000.ethernet eth1: Link is Up - 1Gbps/Full - flow control off
[12803.389867] am65-cpsw-nuss 8000000.ethernet eth1: Link is Down
[12806.461641] am65-cpsw-nuss 8000000.ethernet eth1: Link is Up - 1Gbps/Full - flow control off
[12823.869417] am65-cpsw-nuss 8000000.ethernet eth1: Link is Down
[12826.941437] am65-cpsw-nuss 8000000.ethernet eth1: Link is Up - 1Gbps/Full - flow control off
[12827.965715] am65-cpsw-nuss 8000000.ethernet eth1: Link is Down
[12835.133411] am65-cpsw-nuss 8000000.ethernet eth1: Link is Up - 1Gbps/Full - flow control off
[13370.945339] am65-cpsw-nuss 8000000.ethernet eth1: entered promiscuous mode
[13378.915034] am65-cpsw-nuss 8000000.ethernet eth1: left promiscuous mode
[13421.466896] am65-cpsw-nuss 8000000.ethernet eth0: entered promiscuous mode
[13429.459087] am65-cpsw-nuss 8000000.ethernet eth0: left promiscuous mode
[18210.051819] am65-cpsw-nuss 8000000.ethernet eth1: Link is Down
[18231.555668] am65-cpsw-nuss 8000000.ethernet eth1: Link is Up - 1Gbps/Full - flow control off

root@am64xx-evm:~# 
root@am64xx-evm:~# 
root@am64xx-evm:~# pwd
/root
root@am64xx-evm:~# 
sh -c 'cd /tmp && rm -f mtd0-sbl-r5f-composite.bin u-boot.img 0x800000_linux.mcelf.hs_fs && tftp -g -r am64x-sbl-ospi-local-fullchain-canonical/mtd0-sbl-r5f-composite.bin 192.168.0.246 && tftp -g -r am64x-sbl-ospi-loccal-fullchain-canonical/u-boot.img 192.168.0.246 && tftp -g -r am64x-sbl-ospi-local-fullchain-canonical/0x800000_linux.mcelf.hs_fs 192.168.0.246 && sha256sum mtd0-sbl-r5f-composite.bin u-boot.img 0x800000_linux.mcelf.hs_fs && flashcp -vv mtd0-sbl-r5f-composite.bin /dev/mtd/by-name/ospi.tiboot3 && flashcp -v u-boot.img /dev/mtd/by-name/ospi.u-boot && flashcp -v 0x800000_linux.mcelf.hs_fs /dev/mtd/by-name/ospi.rootfs && dd if=/dev/mtd/by-name/ospi.tiboot3 bs=1 count=10448576 2>/dev/null | sha256sum && dd if=/dev/mtd/by-name/ospi.tiboot3 bs=1 count=332413 2>/dev/null | sha256sum && dd if=/dev/mtd/by-name/ospi.tiboot3 bs=1 skip=524288 count=42098 2>/dev/null | sha256sum && dd if=/dev/mtd/by-name/ospi.u--boot bs=1 count=1573372 2>/dev/null | sha256sum && dd if=/dev/mtd/by-name/ospi.rootfs bs=1 count=891642 2>/dev/null | sha256sum'
4310d27cd9052eaac9853a983bd641062f91209c96cc86f8ab1cd457bc90d02e  mtd0-sbl-r5f-composite.bin
3b21ef1da9fcbff4f28e565639c5ba885324ba4f66fa27d03fdf08c2b84cd74c  u-boot.img
5869d705b366694f30f3ef490bf8b02d8d9b99fe59bedeb6aef6c2cd2e2fcaea  0x800000_linux.mcelf.hs_fs
Erasing blocks: 0/4 (0%)Erasing blocks: 1/4 (25%)Erasing blocks: 2/4 (50%)Erasing blocks: 3/4 (75%)Erasing blocks: 4/4 (100%)Erasing blocks: 4/4 (100%)
Writing data: 0k/1024k (0%)Writing data: 256k/1024k (25%)Writing data: 512k/1024k (50%)Writing data: 768k/1024k (75%)Writing data: 1024k/1024k (100%)Writing data: 1024k/1024k (100%)
Verifying data: 0k/1024k (0%)Verifying data: 256k/1024k (25%)Verifying data: 512k/1024k (50%)Verifying data: 768k/1024k (75%)Verifying data: 1024k/1024k (100%)Verifying data: 1024k/1024k (100%)
Erasing blocks: 0/6 (0%)Erasing blocks: 1/6 (16%)Erasing blocks: 2/6 (33%)Erasing blocks: 3/6 (50%)Erasing blocks: 4/6 (66%)Erasing blocks: 5/6 (83%)Erasing blocks: 6/6 (100%)Erasing blocks: 6/6 (100%)
Writing data: 0k/1358k (0%)Writing data: 256k/1358k (18%)Writing data: 512k/1358k (37%)Writing data: 768k/1358k (56%)Writing data: 1024k/1358k (75%)Writing data: 1280k/1358k (94%)Writing data: 1358k/1358k (100%)Writing data: 1358k/1358k (100%)
Verifying data: 0k/1358k (0%)Verifying data: 256k/1358k (18%)Verifying data: 512k/1358k (37%)Verifying data: 768k/1358k (56%)Verifying data: 1024k/1358k (75%)Verifying data: 1280k/1358k (94%)Verifying data: 1358k/1358k (100%)Verifying data: 1358k/1358k (100%)
Erasing blocks: 0/4 (0%)Erasing blocks: 1/4 (25%)Erasing blocks: 2/4 (50%)Erasing blocks: 3/4 (75%)Erasing blocks: 4/4 (100%)Erasing blocks: 4/4 (100%)
Writing data: 0k/874k (0%)Writing data: 256k/874k (29%)Writing data: 512k/874k (58%)Writing data: 768k/874k (87%)Writing data: 874k/874k (100%)Writing data: 874k/874k (100%)
Verifying data: 0k/874k (0%)Verifying data: 256k/874k (29%)Verifying data: 512k/874k (58%)Verifying data: 768k/874k (87%)Verifying data: 874k/874k (100%)Verifying data: 874k/874k (100%)
4310d27cd9052eaac9853a983bd641062f91209c96cc86f8ab1cd457bc90d02e  -
54daa55a9368bc7a4037c11c306ee93be67161b92c46989cb88156b575b29c86  -
8fe21f4561011ad3df73fde753588968193bc9cbe0a626782d8654b98e438a85  -
1144e06ce95ee36cffb2f7bfbb2ece0dede9319b9dacdf691438cd965b057574  -
d055a31da8df388a03063a3b4ea7d5b55445e6221b51a837daea87a566edbb2a  -
root@am64xx-evm:~# sh -c 'dd if=/dev/mtd/by-name/ospi.u-boot bs=1 count=1390939 2>/dev/null | sha256sum; dd if=/dev/mtd/by-name/ospi.rootfs bs=1 count=895770 2>/dev/null | sha256sum'
3b21ef1da9fcbff4f28e565639c5ba885324ba4f66fa27d03fdf08c2b84cd74c  -
5869d705b366694f30f3ef490bf8b02d8d9b99fe59bedeb6aef6c2cd2e2fcaea  -
root@am64xx-evm:~# reboot
root@am64xx-evm:~# [[0;32m  OK  [0m] Stopped [0;1;39mPrints IP address to OLED display in EVM[0m.
         Stopping [0;1;39mSession c1 of User root[0m...
[[0;32m  OK  [0m] Removed slice [0;1;39mSlice /system/dropbear[0m.
[[0;32m  OK  [0m] Removed slice [0;1;39mSlice /system/modprobe[0m.
[[0;32m  OK  [0m] Stopped target [0;1;39mGraphical Interface[0m.
[[0;32m  OK  [0m] Stopped target [0;1;39mMulti-User System[0m.
[[0;32m  OK  [0m] Stopped target [0;1;39mLogin Prompts[0m.
[[0;32m  OK  [0m] Stopped target [0;1;39mRPC Port Mapper[0m.
[[0;32m  OK  [0m] Stopped target [0;1;39mTimer Units[0m.
[[0;32m  OK  [0m] Stopped [0;1;39mDaily rotation of log files[0m.
[[0;32m  OK  [0m] Stopped [0;1;39mTimer service to update the IP on OLED each 10s[0m.
[[0;32m  OK  [0m] Stopped [0;1;39mDaily Cleanup of Temporary Directories[0m.
[[0;32m  OK  [0m] Closed [0;1;39mLoad/Save RF Kill Switch Status /dev/rfkill Watch[0m.
         Stopping [0;1;39mJob spooling tools[0m...
         Stopping [0;1;39mAvahi mDNS/DNS-SD Stack[0m...
         Stopping [0;1;39mPeriodic Command Scheduler[0m...
         Stopping [0;1;39mDocker Application Container Engine[0m...
         Stopping [0;1;39mGetty on tty1[0m...
         Stopping [0;1;39mirqbalance daemon[0m...
         Stopping [0;1;39mReboot and dump vmcore via kexec[0m...
         Stopping [0;1;39mLLDP daemon[0m...
         Stopping [0;1;39mNetperf Benchmark Server[0m...
         Stopping [0;1;39mTelephony service[0m...
[[0;32m  OK  [0m] Stopped [0;1;39mExpand the rootfs partition to full size of the boot device.[0m.
         Stopping [0;1;39mSeat management daemon[0m...
         Stopping [0;1;39mSerial Getty on ttyS2[0m...
         Stopping [0;1;39mSimple Network Management Protocol (SNMP) Daemon.[0m...
         Stopping [0;1;39mstrongSwan IPsec IKEv1/IKEv2 daemon using ipsec.conf[0m...
         Stopping [0;1;39mEnable Persistent Storage in systemd-networkd[0m...
         Stopping [0;1;39mLoad/Save OS Random Seed[0m...
[[0;32m  OK  [0m] Stopped [0;1;39mLoad udev Rules from Credentials[0m.
[[0;32m  OK  [0m] Stopped [0;1;39mJob spooling tools[0m.
[[0;32m  OK  [0m] Stopped [0;1;39mAvahi mDNS/DNS-SD Stack[0m.
[[0;32m  OK  [0m] Stopped [0;1;39mPeriodic Command Scheduler[0m.
[[0;32m  OK  [0m] Stopped [0;1;39mirqbalance daemon[0m.
[[0;32m  OK  [0m] Stopped [0;1;39mTelephony service[0m.
[[0;32m  OK  [0m] Stopped [0;1;39mSeat management daemon[0m.
[[0;32m  OK  [0m] Stopped [0;1;39mLLDP daemon[0m.
[[0;32m  OK  [0m] Stopped [0;1;39mNetperf Benchmark Server[0m.
[[0;32m  OK  [0m] Stopped [0;1;39mSimple Network Management Protocol (SNMP) Daemon.[0m.
[[0;32m  OK  [0m] Stopped [0;1;39mGetty on tty1[0m.
[[0;32m  OK  [0m] Stopped [0;1;39mSerial Getty on ttyS2[0m.
[!p]104\[0m[?7h[1G[0J[6n[32766;32766H[6n[56;1H[[0;32m  OK  [0m] Stopped [0;1;39mDocker Application Container Engine[0m.
[[0;32m  OK  [0m] Stopped [0;1;39mstrongSwan IPsec IKEv1/IKEv2 daemon using ipsec.conf[0m.
[[0;32m  OK  [0m] Stopped [0;1;39mReboot and dump vmcore via kexec[0m.
[[0;32m  OK  [0m] Stopped [0;1;39mLoad/Save OS Random Seed[0m.
[[0;32m  OK  [0m] Stopped [0;1;39mSession c1 of User root[0m.
[[0;32m  OK  [0m] Removed slice [0;1;39mSlice /system/getty[0m.
[[0;32m  OK  [0m] Removed slice [0;1;39mSlice /system/serial-getty[0m.
[[0;32m  OK  [0m] Stopped target [0;1;39mNetwork is Online[0m.
[[0;32m  OK  [0m] Stopped target [0;1;39mHost and Network Name Lookups[0m.
[[0;32m  OK  [0m] Stopped target [0;1;39mSystem Time Set[0m.
         Stopping [0;1;39mcontainerd container runtime[0m...
[[0;32m  OK  [0m] Stopped [0;1;39mWait for Network to be Configured[0m.
         Stopping [0;1;39mPermit User Sessions[0m...
         Stopping [0;1;39mUser Manager for UID 0[0m...
[[0;32m  OK  [0m] Stopped [0;1;39mcontainerd container runtime[0m.
[[0;32m  OK  [0m] Stopped [0;1;39mEnable Persistent Storage in systemd-networkd[0m.
[[0;32m  OK  [0m] Stopped [0;1;39mUser Manager for UID 0[0m.
[[0;32m  OK  [0m] Stopped [0;1;39mPermit User Sessions[0m.
[[0;32m  OK  [0m] Stopped target [0;1;39mNetwork[0m.
[[0;32m  OK  [0m] Stopped target [0;1;39mRemote File Systems[0m.
[[0;32m  OK  [0m] Stopped target [0;1;39mPreparation for Remote File Systems[0m.
[[0;32m  OK  [0m] Stopped target [0;1;39mNFS client services[0m.
         Stopping [0;1;39mNetwork Management[0m...
[[0;32m  OK  [0m] Stopped [0;1;39mLoad JSON user/group Records from Credentials[0m.
         Stopping [0;1;39mUser Runtime Directory /run/user/0[0m...
[[0;32m  OK  [0m] Stopped [0;1;39mNetwork Management[0m.
[[0;32m  OK  [0m] Unmounted [0;1;39m/run/user/0[0m.
[[0;32m  OK  [0m] Stopped [0;1;39mUser Runtime Directory /run/user/0[0m.
[[0;32m  OK  [0m] Removed slice [0;1;39mUser Slice of UID 0[0m.
[[0;32m  OK  [0m] Stopped target [0;1;39mPreparation for Network[0m.
[[0;32m  OK  [0m] Stopped [0;1;39mIPv6 Packet Filtering Framework[0m.
[[0;32m  OK  [0m] Stopped [0;1;39mIPv4 Packet Filtering Framework[0m.
         Stopping [0;1;39mMultiple Spanning Tree Protocol Daemon[0m...
         Stopping [0;1;39mUser Login Management[0m...
[[0;32m  OK  [0m] Stopped [0;1;39mGenerate Network Units from Kernel Command Line[0m.
[[0;32m  OK  [0m] Stopped [0;1;39mMultiple Spanning Tree Protocol Daemon[0m.
[[0;32m  OK  [0m] Stopped [0;1;39mUser Login Management[0m.
[[0;32m  OK  [0m] Stopped target [0;1;39mBasic System[0m.
[[0;32m  OK  [0m] Stopped target [0;1;39mPath Units[0m.
[[0;32m  OK  [0m] Stopped [0;1;39mDispatch Password Requests to Console Directory Watch[0m.
[[0;32m  OK  [0m] Stopped [0;1;39mForward Password Requests to Wall Directory Watch[0m.
[[0;32m  OK  [0m] Stopped target [0;1;39mSlice Units[0m.
[[0;32m  OK  [0m] Removed slice [0;1;39mUser and Session Slice[0m.
[[0;32m  OK  [0m] Stopped target [0;1;39mSocket Units[0m.
[[0;32m  OK  [0m] Closed [0;1;39mAvahi mDNS/DNS-SD Stack Activation Socket[0m.
[[0;32m  OK  [0m] Closed [0;1;39mDocker Socket for the API[0m.
[[0;32m  OK  [0m] Closed [0;1;39mdropbear.socket[0m.
[[0;32m  OK  [0m] Closed [0;1;39mPC/SC Smart Card Daemon Activation Socket[0m.
[[0;32m  OK  [0m] Closed [0;1;39mHostname Service Socket[0m.
[[0;32m  OK  [0m] Closed [0;1;39mUser Login Management Varlink Socket[0m.
[[0;32m  OK  [0m] Closed [0;1;39mConsole Output Muting Service Socket[0m.
[[0;32m  OK  [0m] Closed [0;1;39mNetwork Management Resolve Hook Socket[0m.
[[0;32m  OK  [0m] Closed [0;1;39mNetwork Management Varlink Socket[0m.
[[0;32m  OK  [0m] Closed [0;1;39mNetwork Management Netlink Socket[0m.
         Stopping [0;1;39mD-Bus System Message Bus[0m...
[[0;32m  OK  [0m] Stopped [0;1;39mD-Bus System Message Bus[0m.
[[0;32m  OK  [0m] Closed [0;1;39mD-Bus System Message Bus Socket[0m.
[[0;32m  OK  [0m] Stopped target [0;1;39mSystem Initialization[0m.
[[0;32m  OK  [0m] Stopped [0;1;39mAutomatic Boot Loader Update[0m.
         Stopping [0;1;39mNetwork Name Resolution[0m...
         Stopping [0;1;39mNetwork Time Synchronization[0m...
         Stopping [0;1;39mRecord System Boot/Shutdown in UTMP[0m...
         Stopping [0;1;39mTEE Supplicant on teepriv0[0m...
[[0;32m  OK  [0m] Stopped [0;1;39mNetwork Name Resolution[0m.
[[0;32m  OK  [0m] Stopped [0;1;39mNetwork Time Synchronization[0m.
[[0;32m  OK  [0m] Stopped [0;1;39mRecord System Boot/Shutdown in UTMP[0m.
[[0;32m  OK  [0m] Closed [0;1;39mResolve Monitor Varlink Socket[0m.
[[0;32m  OK  [0m] Closed [0;1;39mResolve Service Varlink Socket[0m.
[[0;32m  OK  [0m] Stopped [0;1;39mApply Kernel Variables[0m.
[[0;32m  OK  [0m] Closed [0;1;39mProcess Core Dump Socket[0m.
[[0;32m  OK  [0m] Stopped [0;1;39mLoad Kernel Modules[0m.
[[0;32m  OK  [0m] Stopped [0;1;39mCreate System Files and Directories[0m.
[[0;32m  OK  [0m] Stopped target [0;1;39mLocal File Systems[0m.
         Unmounting [0;1;39m/run/media/ROMBOOT-sda1[0m...
         Unmounting [0;1;39m/run/media/boot-mmcblk1p1[0m...
         Unmounting [0;1;39m/run/media/usb-rootfs-sda2[0m...
         Unmounting [0;1;39mTemporary Directory /tmp[0m...
         Unmounting [0;1;39m/var/volatile[0m...
[[0;32m  OK  [0m] Stopped [0;1;39mTEE Supplicant on teepriv0[0m.
[75499.081496] EXT4-fs (sda2): unmounting filesystem 06883515-4288-4985-b5ef-cbd7d92e2d0b.
[[0;32m  OK  [0m] Unmounted [0;1;39m/run/media/ROMBOOT-sda1[0m.
[[0;32m  OK  [0m] Unmounted [0;1;39m/run/media/boot-mmcblk1p1[0m.
[[0;32m  OK  [0m] Unmounted [0;1;39m/run/media/usb-rootfs-sda2[0m.
[[0;32m  OK  [0m] Unmounted [0;1;39mTemporary Directory /tmp[0m.
[[0;32m  OK  [0m] Unmounted [0;1;39m/var/volatile[0m.
[[0;32m  OK  [0m] Removed slice [0;1;39mSlice /system/tee-supplicant[0m.
[[0;32m  OK  [0m] Stopped target [0;1;39mSwaps[0m.
[[0;32m  OK  [0m] Reached target [0;1;39mUnmount All Filesystems[0m.
[[0;32m  OK  [0m] Stopped [0;1;39mFile System Check on /dev/mmcblk1p1[0m.
[[0;32m  OK  [0m] Stopped [0;1;39mFile System Check on /dev/sda1[0m.
[[0;32m  OK  [0m] Stopped [0;1;39mFile System Check on /dev/sda2[0m.
[[0;32m  OK  [0m] Removed slice [0;1;39mSlice /system/systemd-fsck[0m.
[[0;32m  OK  [0m] Stopped target [0;1;39mPreparation for Local File Systems[0m.
[[0;32m  OK  [0m] Stopped [0;1;39mRemount Root and Kernel File Systems[0m.
[[0;32m  OK  [0m] Stopped [0;1;39mCreate Static Device Nodes in /dev[0m.
[[0;32m  OK  [0m] Stopped [0;1;39mCreate Static Device Nodes in /dev gracefully[0m.
[[0;32m  OK  [0m] Reached target [0;1;39mSystem Shutdown[0m.
[[0;32m  OK  [0m] Reached target [0;1;39mLate Shutdown Services[0m.
[[0;32m  OK  [0m] Finished [0;1;39mSystem Reboot[0m.
[[0;32m  OK  [0m] Reached target [0;1;39mSystem Reboot[0m.
[75499.528358] watchdog: watchdog0: nowayout prevents watchdog being stopped!
[75499.536992] watchdog: watchdog0: watchdog did not stop!
]3008;end=5b9507acbb854525aacd4aea723972a5\[75499.571026] systemd-shutdown[1]: Using hardware watchdog /dev/watchdog0: 'K3 RTI Watchdog', version 0.
[75499.580504] systemd-shutdown[1]: Modifying watchdog hardware timeout is not supported, reusing the programmed timeout.
[75499.591257] systemd-shutdown[1]: Watchdog running with a hardware timeout of 1min.
[75499.615048] systemd-shutdown[1]: Syncing filesystems and block devices.
[75499.658651] systemd-shutdown[1]: Sending SIGTERM to remaining processes...
[75499.685926] systemd-journald[109]: Received SIGTERM from PID 1 (systemd-shutdow).
[75499.736811] systemd-shutdown[1]: Sending SIGKILL to remaining processes...
[75499.760972] systemd-shutdown[1]: Unmounting file systems.
[75499.772438] (sd-umount)[8333]: Unmounting '/run/credentials/systemd-journald.service'.
[75499.784152] (sd-remount)[8334]: Remounting '/' read-only with options ''.
[75499.823677] EXT4-fs (mmcblk1p2): re-mounted 7a81c518-bc75-4400-aaa9-69af7ec61b74 ro.
[75499.851479] systemd-shutdown[1]: All filesystems unmounted.
[75499.857378] systemd-shutdown[1]: Deactivating swaps.
[75499.863318] systemd-shutdown[1]: All swaps deactivated.
[75499.868618] systemd-shutdown[1]: Detaching loop devices.
[75499.885014] systemd-shutdown[1]: All loop devices detached.
[75499.890713] systemd-shutdown[1]: Stopping MD devices.
[75499.896367] systemd-shutdown[1]: All MD devices stopped.
[75499.901715] systemd-shutdown[1]: Detaching DM devices.
[75499.907314] systemd-shutdown[1]: All DM devices detached.
[75499.912746] systemd-shutdown[1]: All filesystems, swaps, loop devices, MD devices and DM devices detached.
[75499.922463] watchdog: watchdog0: nowayout prevents watchdog being stopped!
[75499.929413] watchdog: watchdog0: watchdog did not stop!
[75499.948167] systemd-shutdown[1]: Syncing filesystems and block devices.
[75499.955187] systemd-shutdown[1]: Rebooting.
[75500.058035] kvm: exiting hardware virtualization
[75500.062727] reboot: Restarting system

DMSC Firmware Version 12.0.2--v12.00.02 (Clever Cat)
DMSC Firmware revision 0xc
DMSC ABI revision 4.0

KPI_DATA: [BOOTLOADER_PROFILE] CPU Clock        : 800.000 MHz 
KPI_DATA: [BOOTLOADER_PROFILE] Boot Media       : undefined 
KPI_DATA: [BOOTLOADER_PROFILE] Boot Image Size  : 0 KB 
KPI_DATA: [BOOTLOADER_PROFILE] Cores present    : 
a530-0
r5f0-0
KPI_DATA: [BOOTLOADER PROFILE] System_init                      :      55031us 
KPI_DATA: [BOOTLOADER PROFILE] Drivers_open                     :       1664us 
KPI_DATA: [BOOTLOADER PROFILE] Board_driversOpen                :      28917us 
KPI_DATA: [BOOTLOADER PROFILE] App_loadLinuxImages              :      58325us 
KPI_DATA: [BOOTLOADER PROFILE] App_loadImages                   :      15905us 
KPI_DATA: [BOOTLOADER_PROFILE] SBL Total Time Taken             :     159844us 

Image loading done, switching to application ...
Starting linux and RTOS/Baremetal applications
ERRNOTICE:O  BL31:R v2.1:5.0(re lease)B:v2.15.0-75-g44fcd9c2d
NOTICE:  BL31: Built : 23:42:39, Jun 24 2026
I/TC: 
I/TC: OP-TEE version: 4.10.0-103-g60706ecef (gcc version 15.2.0 (GCC)) #2 Wed Jun 24 23:46:40 UTC 2026 aarch64
I/TC: WARNING: This OP-TEE configuration might be insecure!
I/TC: WARNING: Please check https://optee.readthedocs.io/en/latest/architecture/porting_guidelines.html
I/TC: Primary CPU initializing
I/TC: GIC redistributor base address not provided
I/TC: Assuming default GIC group status and modifier
I/TC: SYSFW ABI: 4.0 (firmware rev 0x000c '12.0.2--v12.00.02 (Clever Cat)')
I/TC: Activated SA2UL device
I/TC: Enabled firewalls for SA2UL TRNG device
I/TC: EIP76D TRNG initialized
I/TC: SA2UL Drivers initialized
I/TC: HUK Initialized
I/TC: Disabling output console

U-Boot SPL 2026.01-g30df77692826 (Jun 25 2026 - 08:47:19 +0900)
SYSFW ABI: 4.0 (firmware rev 0x000c '12.0.2--v12.00.02 (Clever Cat)')
EEPROM not available at 0x50, trying to read at 0x51
Trying to boot from SPI
Authentication passed
Authentication passed


U-Boot 2026.01-g30df77692826 (Jun 25 2026 - 08:47:19 +0900)

SoC:   AM64X SR2.0 HS-FS
Reset reason: RST
Model: Texas Instruments AM642 SK
Board: AM64B-SKEVM rev A
DRAM:  2 GiB
Core:  105 devices, 37 uclasses, devicetree: separate
WDT:   Not starting watchdog@e000000
WDT:   Not starting watchdog@e010000
MMC:   mmc@fa00000: 1
Loading Environment from nowhere... OK
In:    serial@2800000
Out:   serial@2800000
Err:   serial@2800000
Failed to probe prueth driver
Net:   eth0: ethernet@8000000port@1, eth1: ethernet@8000000port@2
Hit any key to stop autoboot: 10 Hit any key to stop autoboot: 9[KHit any key to stop autoboot: 8[KHit any key to stop autoboot: 7[KHit any key to stop autoboot: 6[KHit any key to stop autoboot: 5[KHit any key to stop autoboot: 4[KHit any key to stop autoboot: 3[KHit any key to stop autoboot: 2[KHit any key to stop autoboot: 1[KHit any key to stop autoboot: 0[K
switch to partitions #0, OK
mmc1 is current device
SD/MMC found on device 1
178 bytes read in 0 ms
Loaded env from uEnv.txt
Importing environment from mmc1 ...
42686976 bytes read in 547 ms (74.4 MiB/s)
Failed to load 'ti-core-initramfs.cpio.xz'
WARNING: Initramfs not found, continuing without initramfs
63209 bytes read in 5 ms (12.1 MiB/s)
Working FDT set to 88000000
## Flattened Device Tree blob at 88000000
   Booting using the fdt blob at 0x88000000
Working FDT set to 88000000
   Loading Device Tree to 00000000fcd6d000, end 00000000fce7ffff ... OK
Working FDT set to fcd6d000

Starting kernel ...

[    0.000000] Booting Linux on physical CPU 0x0000000000 [0x410fd034]
[    0.000000] Linux version 6.18.13-gc21449208550 (nstel@KimKiYoun-PC) (aarch64-oe-linux-gcc (GCC) 15.2.0, GNU ld (GNU Binutils) 2.46) #1 SMP PREEMPT Thu May 14 09:49:02 KST 2026
[    0.000000] KASLR enabled
[    0.000000] Machine model: Texas Instruments AM642 SK
[    0.000000] earlycon: ns16550a0 at MMIO32 0x0000000002800000 (options '')
[    0.000000] printk: legacy bootconsole [ns16550a0] enabled
[    0.000000] efi: UEFI not found.
[    0.000000] OF: reserved mem: 0x000000009e800000..0x000000009fffffff (24576 KiB) nomap non-reusable optee@9e800000
[    0.000000] Reserved memory: created DMA memory pool at 0x00000000a0000000, size 1 MiB
[    0.000000] OF: reserved mem: initialized node memory@a0000000, compatible id shared-dma-pool
[    0.000000] OF: reserved mem: 0x00000000a0000000..0x00000000a00fffff (1024 KiB) nomap non-reusable memory@a0000000
[    0.000000] Reserved memory: created DMA memory pool at 0x00000000a0100000, size 15 MiB
[    0.000000] OF: reserved mem: initialized node memory@a0100000, compatible id shared-dma-pool
[    0.000000] OF: reserved mem: 0x00000000a0100000..0x00000000a0ffffff (15360 KiB) nomap non-reusable memory@a0100000
[    0.000000] Reserved memory: created DMA memory pool at 0x00000000a5800000, size 0 MiB
[    0.000000] OF: reserved mem: initialized node r5f-status-shm@a5800000, compatible id shared-dma-pool
[    0.000000] OF: reserved mem: 0x00000000a5800000..0x00000000a5800fff (4 KiB) nomap non-reusable r5f-status-shm@a5800000
[    0.000000] Reserved memory: created DMA memory pool at 0x00000000a1000000, size 1 MiB
[    0.000000] OF: reserved mem: initialized node memory@a1000000, compatible id shared-dma-pool
[    0.000000] OF: reserved mem: 0x00000000a1000000..0x00000000a10fffff (1024 KiB) nomap non-reusable memory@a1000000
[    0.000000] Reserved memory: created DMA memory pool at 0x00000000a1100000, size 15 MiB
[    0.000000] OF: reserved mem: initialized node memory@a1100000, compatible id shared-dma-pool
[    0.000000] OF: reserved mem: 0x00000000a1100000..0x00000000a1ffffff (15360 KiB) nomap non-reusable memory@a1100000
[    0.000000] Reserved memory: created DMA memory pool at 0x00000000a2000000, size 1 MiB
[    0.000000] OF: reserved mem: initialized node memory@a2000000, compatible id shared-dma-pool
[    0.000000] OF: reserved mem: 0x00000000a2000000..0x00000000a20fffff (1024 KiB) nomap non-reusable memory@a2000000
[    0.000000] Reserved memory: created DMA memory pool at 0x00000000a2100000, size 15 MiB
[    0.000000] OF: reserved mem: initialized node memory@a2100000, compatible id shared-dma-pool
[    0.000000] OF: reserved mem: 0x00000000a2100000..0x00000000a2ffffff (15360 KiB) nomap non-reusable memory@a2100000
[    0.000000] Reserved memory: created DMA memory pool at 0x00000000a3000000, size 1 MiB
[    0.000000] OF: reserved mem: initialized node memory@a3000000, compatible id shared-dma-pool
[    0.000000] OF: reserved mem: 0x00000000a3000000..0x00000000a30fffff (1024 KiB) nomap non-reusable memory@a3000000
[    0.000000] Reserved memory: created DMA memory pool at 0x00000000a3100000, size 15 MiB
[    0.000000] OF: reserved mem: initialized node memory@a3100000, compatible id shared-dma-pool
[    0.000000] OF: reserved mem: 0x00000000a3100000..0x00000000a3ffffff (15360 KiB) nomap non-reusable memory@a3100000
[    0.000000] Reserved memory: created DMA memory pool at 0x00000000a4000000, size 1 MiB
[    0.000000] OF: reserved mem: initialized node memory@a4000000, compatible id shared-dma-pool
[    0.000000] OF: reserved mem: 0x00000000a4000000..0x00000000a40fffff (1024 KiB) nomap non-reusable memory@a4000000
[    0.000000] Reserved memory: created DMA memory pool at 0x00000000a4100000, size 15 MiB
[    0.000000] OF: reserved mem: initialized node memory@a4100000, compatible id shared-dma-pool
[    0.000000] OF: reserved mem: 0x00000000a4100000..0x00000000a4ffffff (15360 KiB) nomap non-reusable memory@a4100000
[    0.000000] OF: reserved mem: 0x00000000a5000000..0x00000000a57fffff (8192 KiB) nomap non-reusable memory@a5000000
[    0.000000] NUMA: Faking a node at [mem 0x0000000080000000-0x00000000ffffffff]
[    0.000000] NODE_DATA(0) allocated [mem 0xffbf5900-0xffbf7f7f]
[    0.000000] Zone ranges:
[    0.000000]   DMA      [mem 0x0000000080000000-0x00000000ffffffff]
[    0.000000]   DMA32    empty
[    0.000000]   Normal   empty
[    0.000000] Movable zone start for each node
[    0.000000] Early memory node ranges
[    0.000000]   node   0: [mem 0x0000000080000000-0x000000009e7fffff]
[    0.000000]   node   0: [mem 0x000000009e800000-0x00000000a5800fff]
[    0.000000]   node   0: [mem 0x00000000a5801000-0x00000000ffffffff]
[    0.000000] Initmem setup node 0 [mem 0x0000000080000000-0x00000000ffffffff]
[    0.000000] cma: Reserved 32 MiB at 0x00000000fac00000
[    0.000000] psci: probing for conduit method from DT.
[    0.000000] psci: PSCIv1.1 detected in firmware.
[    0.000000] psci: Using standard PSCI v0.2 function IDs
[    0.000000] psci: Trusted OS migration not required
[    0.000000] psci: SMC Calling Convention v1.5
[    0.000000] percpu: Embedded 25 pages/cpu s63064 r8192 d31144 u102400
[    0.000000] Detected VIPT I-cache on CPU0
[    0.000000] CPU features: detected: GICv3 CPU interface
[    0.000000] CPU features: kernel page table isolation forced ON by KASLR
[    0.000000] CPU features: detected: Kernel page table isolation (KPTI)
[    0.000000] CPU features: detected: ARM erratum 845719
[    0.000000] alternatives: applying boot alternatives
[    0.000000] Kernel command line: console=ttyS2,115200n8 earlycon=ns16550a,mmio32,0x02800000 root=PARTUUID=076c4a2a-02 rw rootfstype=ext4 rootwait
[    0.000000] printk: log buffer data + meta data: 131072 + 458752 = 589824 bytes
[    0.000000] Dentry cache hash table entries: 262144 (order: 9, 2097152 bytes, linear)
[    0.000000] Inode-cache hash table entries: 131072 (order: 8, 1048576 bytes, linear)
[    0.000000] software IO TLB: SWIOTLB bounce buffer size adjusted to 2MB
[    0.000000] software IO TLB: area num 2.
[    0.000000] software IO TLB: mapped [mem 0x00000000fd600000-0x00000000fd800000] (2MB)
[    0.000000] Fallback order for Node 0: 0 
[    0.000000] Built 1 zonelists, mobility grouping on.  Total pages: 524288
[    0.000000] Policy zone: DMA
[    0.000000] mem auto-init: stack:all(zero), heap alloc:off, heap free:off
[    0.000000] SLUB: HWalign=64, Order=0-3, MinObjects=0, CPUs=2, Nodes=1
[    0.000000] rcu: Preemptible hierarchical RCU implementation.
[    0.000000] rcu: 	RCU event tracing is enabled.
[    0.000000] rcu: 	RCU restricting CPUs from NR_CPUS=512 to nr_cpu_ids=2.
[    0.000000] 	Trampoline variant of Tasks RCU enabled.
[    0.000000] 	Tracing variant of Tasks RCU enabled.
[    0.000000] rcu: RCU calculated value of scheduler-enlistment delay is 25 jiffies.
[    0.000000] rcu: Adjusting geometry for rcu_fanout_leaf=16, nr_cpu_ids=2
[    0.000000] RCU Tasks: Setting shift to 1 and lim to 1 rcu_task_cb_adjust=1 rcu_task_cpu_ids=2.
[    0.000000] RCU Tasks Trace: Setting shift to 1 and lim to 1 rcu_task_cb_adjust=1 rcu_task_cpu_ids=2.
[    0.000000] NR_IRQS: 64, nr_irqs: 64, preallocated irqs: 0
[    0.000000] GICv3: GIC: Using split EOI/Deactivate mode
[    0.000000] GICv3: 256 SPIs implemented
[    0.000000] GICv3: 0 Extended SPIs implemented
[    0.000000] Root IRQ handler: gic_handle_irq
[    0.000000] GICv3: GICv3 features: 16 PPIs
[    0.000000] GICv3: GICD_CTLR.DS=0, SCR_EL3.FIQ=1
[    0.000000] GICv3: CPU0: found redistributor 0 region 0:0x0000000001840000
[    0.000000] ITS [mem 0x01820000-0x0182ffff]
[    0.000000] GIC: enabling workaround for ITS: Socionext Synquacer pre-ITS
[    0.000000] ITS@0x0000000001820000: Devices Table too large, reduce ids 20->19
[    0.000000] ITS@0x0000000001820000: allocated 524288 Devices @80800000 (flat, esz 8, psz 64K, shr 0)
[    0.000000] ITS: using cache flushing for cmd queue
[    0.000000] GICv3: using LPI property table @0x0000000080040000
[    0.000000] GIC: using cache flushing for LPI property table
[    0.000000] GICv3: CPU0: using allocated LPI pending table @0x0000000080050000
[    0.000000] rcu: srcu_init: Setting srcu_struct sizes based on contention.
[    0.000000] arch_timer: cp15 timer running at 225.00MHz (phys).
[    0.000000] clocksource: arch_sys_counter: mask: 0x3ffffffffffffff max_cycles: 0x33e45310bc, max_idle_ns: 440795207391 ns
[    0.000001] sched_clock: 58 bits at 225MHz, resolution 4ns, wraps every 4398046511101ns
[    0.010303] Console: colour dummy device 80x25
[    0.014995] Calibrating delay loop (skipped), value calculated using timer frequency.. 450.00 BogoMIPS (lpj=900000)
[    0.025696] pid_max: default: 32768 minimum: 301
[    0.030544] LSM: initializing lsm=capability,selinux
[    0.035697] SELinux:  Initializing.
[    0.039885] Mount-cache hash table entries: 4096 (order: 3, 32768 bytes, linear)
[    0.047480] Mountpoint-cache hash table entries: 4096 (order: 3, 32768 bytes, linear)
[    0.058559] rcu: Hierarchical SRCU implementation.
[    0.063556] rcu: 	Max phase no-delay instances is 1000.
[    0.069220] Timer migration: 1 hierarchy levels; 8 children per group; 1 crossnode level
[    0.077808] fsl-mc MSI: msi-controller@1820000 domain created
[    0.086749] EFI services will not be available.
[    0.091896] smp: Bringing up secondary CPUs ...
[    5.133169] CPU1: failed to come online
[    5.137119] CPU1: failed in unknown state : 0x0
[    5.141898] smp: Brought up 1 node, 1 CPU
[    5.146023] SMP: Total of 1 processors activated.
[    5.150853] CPU: All CPU(s) started at EL2
[    5.155100] CPU features: detected: 32-bit EL0 Support
[    5.160363] CPU features: detected: 32-bit EL1 Support
[    5.165629] CPU features: detected: CRC32 instructions
[    5.170904] CPU features: detected: PMUv3
[    5.175064] alternatives: applying system-wide alternatives
[    5.182746] Memory: 1857044K/2097152K available (19456K kernel code, 5462K rwdata, 13316K rodata, 3264K init, 732K bss, 199584K reserved, 32768K cma-reserved)
[    5.198692] devtmpfs: initialized
[    5.215228] clocksource: jiffies: mask: 0xffffffff max_cycles: 0xffffffff, max_idle_ns: 7645041785100000 ns
[    5.225347] posixtimers hash table entries: 1024 (order: 2, 16384 bytes, linear)
[    5.232986] futex hash table entries: 512 (32768 bytes on 1 NUMA nodes, total 32 KiB, linear).
[    5.242641] 2G module region forced by RANDOMIZE_MODULE_REGION_FULL
[    5.249192] 0 pages in range for non-PLT usage
[    5.249199] 513664 pages in range for PLT usage
[    5.254125] pinctrl core: initialized pinctrl subsystem
[    5.267565] DMI not present or invalid.
[    5.274836] NET: Registered PF_NETLINK/PF_ROUTE protocol family
[    5.282587] DMA: preallocated 256 KiB GFP_KERNEL pool for atomic allocations
[    5.290768] DMA: preallocated 256 KiB GFP_KERNEL|GFP_DMA pool for atomic allocations
[    5.299841] DMA: preallocated 256 KiB GFP_KERNEL|GFP_DMA32 pool for atomic allocations
[    5.308093] audit: initializing netlink subsys (disabled)
[    5.314050] audit: type=2000 audit(5.196:1): state=initialized audit_enabled=0 res=1
[    5.324499] thermal_sys: Registered thermal governor 'step_wise'
[    5.324525] thermal_sys: Registered thermal governor 'power_allocator'
[    5.330895] cpuidle: using governor menu
[    5.341969] hw-breakpoint: found 6 breakpoint and 4 watchpoint registers.
[    5.348987] ASID allocator initialised with 32768 entries
[    5.358077] Serial: AMBA PL011 UART driver
[    5.372624] /bus@f4000/interrupt-controller@1800000: Fixed dependency cycle(s) with /bus@f4000/interrupt-controller@1800000
[    5.431622] HugeTLB: registered 1.00 GiB page size, pre-allocated 0 pages
[    5.438647] HugeTLB: 0 KiB vmemmap can be freed for a 1.00 GiB page
[    5.445072] HugeTLB: registered 32.0 MiB page size, pre-allocated 0 pages
[    5.452022] HugeTLB: 0 KiB vmemmap can be freed for a 32.0 MiB page
[    5.458438] HugeTLB: registered 2.00 MiB page size, pre-allocated 0 pages
[    5.465386] HugeTLB: 0 KiB vmemmap can be freed for a 2.00 MiB page
[    5.471806] HugeTLB: registered 64.0 KiB page size, pre-allocated 0 pages
[    5.478757] HugeTLB: 0 KiB vmemmap can be freed for a 64.0 KiB page
[    5.488372] ACPI: Interpreter disabled.
[    5.495770] k3-chipinfo 43000014.chipid: Family:AM64X rev:SR2.0 JTAGID[0x1bb3802f] Detected
[    5.507294] iommu: Default domain type: Translated
[    5.512360] iommu: DMA domain TLB invalidation policy: strict mode
[    5.519180] SCSI subsystem initialized
[    5.523712] usbcore: registered new interface driver usbfs
[    5.529390] usbcore: registered new interface driver hub
[    5.534870] usbcore: registered new device driver usb
[    5.541748] pps_core: LinuxPPS API ver. 1 registered
[    5.546880] pps_core: Software ver. 5.3.6 - Copyright 2005-2007 Rodolfo Giometti <giometti@linux.it>
[    5.556262] PTP clock support registered
[    5.560460] EDAC MC: Ver: 3.0.0
[    5.564727] scmi_core: SCMI protocol bus registered
[    5.571794] FPGA manager framework
[    5.577202] vgaarb: loaded
[    5.581016] clocksource: Switched to clocksource arch_sys_counter
[    5.587827] VFS: Disk quotas dquot_6.6.0
[    5.591921] VFS: Dquot-cache hash table entries: 512 (order 0, 4096 bytes)
[    5.599707] pnp: PnP ACPI: disabled
[    5.611852] NET: Registered PF_INET protocol family
[    5.617333] IP idents hash table entries: 32768 (order: 6, 262144 bytes, linear)
[    5.627375] tcp_listen_portaddr_hash hash table entries: 1024 (order: 2, 16384 bytes, linear)
[    5.636205] Table-perturb hash table entries: 65536 (order: 6, 262144 bytes, linear)
[    5.644162] TCP established hash table entries: 16384 (order: 5, 131072 bytes, linear)
[    5.652406] TCP bind hash table entries: 16384 (order: 7, 524288 bytes, linear)
[    5.660539] TCP: Hash tables configured (established 16384 bind 16384)
[    5.667534] UDP hash table entries: 1024 (order: 4, 65536 bytes, linear)
[    5.674538] UDP-Lite hash table entries: 1024 (order: 4, 65536 bytes, linear)
[    5.682173] NET: Registered PF_UNIX/PF_LOCAL protocol family
[    5.688744] RPC: Registered named UNIX socket transport module.
[    5.694873] RPC: Registered udp transport module.
[    5.699692] RPC: Registered tcp transport module.
[    5.704506] RPC: Registered tcp-with-tls transport module.
[    5.710154] RPC: Registered tcp NFSv4.1 backchannel transport module.
[    5.716769] PCI: CLS 0 bytes, default 64
[    5.727211] kvm [1]: nv: 568 coarse grained trap handlers
[    5.733616] kvm [1]: IPA Size Limit: 40 bits
[    5.741676] kvm [1]: vgic-v2@100020000
[    5.745552] kvm [1]: GIC system register CPU interface enabled
[    5.751570] kvm [1]: vgic interrupt IRQ9
[    5.755611] kvm [1]: Hyp nVHE mode initialized successfully
[    5.763226] Initialise system trusted keyrings
[    5.768271] workingset: timestamp_bits=42 max_order=19 bucket_order=0
[    5.775450] squashfs: version 4.0 (2009/01/31) Phillip Lougher
[    5.781974] NFS: Registering the id_resolver key type
[    5.787245] Key type id_resolver registered
[    5.791533] Key type id_legacy registered
[    5.795664] nfs4filelayout_init: NFSv4 File Layout Driver Registering...
[    5.802531] nfs4flexfilelayout_init: NFSv4 Flexfile Layout Driver Registering...
[    5.810495] 9p: Installing v9fs 9p2000 file system support
[    5.882569] Key type asymmetric registered
[    5.886799] Asymmetric key parser 'x509' registered
[    5.891916] Block layer SCSI generic (bsg) driver version 0.4 loaded (major 242)
[    5.899790] io scheduler mq-deadline registered
[    5.904444] io scheduler kyber registered
[    5.908601] io scheduler bfq registered
[    5.924676] pinctrl-single 4084000.pinctrl: 33 pins, size 132
[    5.931388] pinctrl-single f4000.pinctrl: 180 pins, size 720
[    5.947571] ledtrig-cpu: registered to indicate activity on CPUs
[    6.015503] Serial: 8250/16550 driver, 12 ports, IRQ sharing enabled
[    6.033282] msm_serial: driver initialized
[    6.038607] SuperH (H)SCI(F) driver initialized
[    6.043757] STM32 USART driver initialized
[    6.063133] loop: module loaded
[    6.069645] megasas: 07.734.00.00-rc1
[    6.088163] tun: Universal TUN/TAP device driver, 1.6
[    6.095920] thunder_xcv, ver 1.0
[    6.099532] thunder_bgx, ver 1.0
[    6.102948] nicpf, ver 1.0
[    6.109166] e1000: Intel(R) PRO/1000 Network Driver
[    6.114203] e1000: Copyright (c) 1999-2006 Intel Corporation.
[    6.120149] e1000e: Intel(R) PRO/1000 Network Driver
[    6.125234] e1000e: Copyright(c) 1999 - 2015 Intel Corporation.
[    6.131360] igb: Intel(R) Gigabit Ethernet Network Driver
[    6.136892] igb: Copyright (c) 2007-2014 Intel Corporation.
[    6.142654] igbvf: Intel(R) Gigabit Virtual Function Network Driver
[    6.149088] igbvf: Copyright (c) 2009 - 2012 Intel Corporation.
[    6.156174] sky2: driver version 1.30
[    6.163740] VFIO - User Level meta-driver version: 0.3
[    6.177615] usbcore: registered new interface driver usb-storage
[    6.192247] i2c_dev: i2c /dev entries driver
[    6.214917] sdhci: Secure Digital Host Controller Interface driver
[    6.221408] sdhci: Copyright(c) Pierre Ossman
[    6.228298] Synopsys Designware Multimedia Card Interface Driver
[    6.237233] sdhci-pltfm: SDHCI platform and OF driver helper
[    6.250201] SMCCC: SOC_ID: ARCH_SOC_ID not implemented, skipping ....
[    6.260530] usbcore: registered new interface driver usbhid
[    6.266420] usbhid: USB HID core driver
[    6.279961] hw perfevents: enabled with armv8_cortex_a53 PMU driver, 7 (0,8000003f) counters available
[    6.296146] optee: probing for conduit method.
[    6.300886] optee: revision 4.10 (60706ecef7619a01)
[    6.301529] optee: dynamic shared memory is enabled
[    6.312663] random: crng init done
[    6.316449] optee: initialized driver
[    6.327417] Initializing XFRM netlink socket
[    6.332037] NET: Registered PF_PACKET protocol family
[    6.337359] 9pnet: Installing 9P2000 support
[    6.341857] Key type dns_resolver registered
[    6.362547] registered taskstats version 1
[    6.367378] Loading compiled-in X.509 certificates
[    6.384806] Demotion targets for Node 0: null
[    6.458973] ti-sci 44043000.system-controller: ABI: 4.0 (firmware rev 0x000c '12.0.2--v12.00.02 (Clever Cat)')
[    6.648095] omap_i2c 20000000.i2c: bus 0 rev0.12 at 400 kHz
[    6.656806] pca953x 1-0070: supply vcc not found, using dummy regulator
[    6.663891] pca953x 1-0070: using no AI
[    6.682795] omap_i2c 20010000.i2c: bus 1 rev0.12 at 400 kHz
[    6.690096] ti-sci-intr bus@f4000:interrupt-controller@a00000: Interrupt Router 3 domain created
[    6.700670] ti-sci-inta 48000000.interrupt-controller: Interrupt Aggregator domain 28 created
[    6.716036] ti-udma 485c0100.dma-controller: Number of rings: 68
[    6.724262] ti-udma 485c0100.dma-controller: Channels: 24 (bchan: 12, tchan: 6, rchan: 6)
[    6.737187] ti-udma 485c0000.dma-controller: Number of rings: 288
[    6.756092] ti-udma 485c0000.dma-controller: Channels: 44 (tchan: 29, rchan: 15)
[    6.770713] printk: legacy console [ttyS2] disabled
[    6.776400] 2800000.serial: ttyS2 at MMIO 0x2800000 (irq = 310, base_baud = 3000000) is a 8250
[    6.785402] printk: legacy console [ttyS2] enabled
[    6.785402] printk: legacy console [ttyS2] enabled
[    6.795170] printk: legacy bootconsole [ns16550a0] disabled
[    6.795170] printk: legacy bootconsole [ns16550a0] disabled
[    6.815126] spi-nor spi0.0: supply vcc not found, using dummy regulator
[    6.843221] 7 fixed-partitions partitions found on MTD device fc40000.spi.0
[    6.850292] Creating 7 MTD partitions on "fc40000.spi.0":
[    6.855717] 0x000000000000-0x000000100000 : "ospi.tiboot3"
[    6.873423] 0x000000100000-0x000000300000 : "ospi.tispl"
[    6.885406] 0x000000300000-0x000000700000 : "ospi.u-boot"
[    6.897378] 0x000000700000-0x000000740000 : "ospi.env"
[    6.909370] 0x000000740000-0x000000780000 : "ospi.env.backup"
[    6.929402] 0x000000800000-0x000003fc0000 : "ospi.rootfs"
[    6.936643] 0x000003fc0000-0x000004000000 : "ospi.phypattern"
[    6.961172] am65-cpsw-nuss 8000000.ethernet: initializing am65 cpsw nuss version 0x6BA00903, cpsw version 0x6BA80903 Ports: 3 quirks:00000006
[    6.974131] am65-cpsw-nuss 8000000.ethernet: RGMII mode without internal TX delay unsupported; please fix your Device Tree
[    6.985272] am65-cpsw-nuss 8000000.ethernet: RGMII mode without internal TX delay unsupported; please fix your Device Tree
[    6.999931] davinci_mdio 8000f00.mdio: Configuring MDIO in manual mode
[    7.041011] davinci_mdio 8000f00.mdio: davinci mdio revision 9.7, bus freq 1000000
[    7.054922] davinci_mdio 8000f00.mdio: phy[0]: device 8000f00.mdio:00, driver TI DP83867
[    7.063129] davinci_mdio 8000f00.mdio: phy[1]: device 8000f00.mdio:01, driver TI DP83867
[    7.071503] am65-cpsw-nuss 8000000.ethernet: initialized cpsw ale version 1.4
[    7.078684] am65-cpsw-nuss 8000000.ethernet: ALE Table size 512, Policers 32
[    7.087292] am65-cpsw-nuss 8000000.ethernet: CPTS ver 0x4e8a010c, freq:500000000, add_val:1 pps:1
[    7.111717] am65-cpsw-nuss 8000000.ethernet: set new flow-id-base 16
[    7.129775] am65-cpts 39000000.cpts: CPTS ver 0x4e8a010c, freq:500000000, add_val:1 pps:0
[    7.205511] mmc1: CQHCI version 5.10
[    7.214916] clk: Disabling unused clocks
[    7.219015] mmc0: CQHCI version 5.10
[    7.246205] PM: genpd: Disabling unused power domains
[    7.252118] check access for rdinit=/init failed: -2, ignoring
[    7.263939] mmc0: SDHCI controller on fa10000.mmc [fa10000.mmc] using ADMA 64-bit
[    7.271603] mmc1: SDHCI controller on fa00000.mmc [fa00000.mmc] using ADMA 64-bit
[    7.282728] Waiting for root device PARTUUID=076c4a2a-02...
[    7.289226] sdhci-am654 fa10000.mmc: card claims to support voltages below defined range
[    7.315605] mmc0: new SDIO card at address 0001
[    7.356429] mmc1: new UHS-I speed SDR104 SDHC card at address aaaa
[    7.363642] mmcblk1: mmc1:aaaa SL32G 29.7 GiB
[    7.374026]  mmcblk1: p1 p2
[    7.400580] EXT4-fs (mmcblk1p2): mounted filesystem 7a81c518-bc75-4400-aaa9-69af7ec61b74 r/w with ordered data mode. Quota mode: none.
[    7.412899] VFS: Mounted root (ext4 filesystem) on device 179:2.
[    7.421668] devtmpfs: mounted
[    7.427214] Freeing unused kernel memory: 3264K
[    7.431929] Run /sbin/init as init process
[    7.636622] systemd[1]: System time advanced to timestamp on /var/lib/systemd/timesync/clock: Wed 2026-06-24 23:56:34 UTC
P+q6E616D65\[    8.150739] NET: Registered PF_INET6 protocol family
[    8.157626] Segment Routing with IPv6
[    8.161397] In-situ OAM (IOAM) with IPv6
[6n[32766;32766H[6n[56;1H[!p]104\[0m[?7h[1G[0J[    8.433187] systemd[1]: systemd 259.5 running in system mode (+PAM -AUDIT -SELINUX -APPARMOR +IMA +IPE -SMACK +SECCOMP -GCRYPT -GNUTLS -OPENSSL +ACL +BLKID -CURL -ELFUTILS -FIDO2 -IDN2 -IDN +KMOD -LIBCRYPTSETUP -LIBCRYPTSETUP_PLUGINS +LIBFDISK -PCRE2 -PWQUALITY -P11KIT -QRENCODE -TPM2 -BZIP2 -LZ4 -XZ -ZLIB +ZSTD -BPF_FRAMEWORK -BTF -XKBCOMMON +UTMP -SYSVINIT -LIBARCHIVE)
[    8.466184] systemd[1]: Detected architecture arm64.

[0;1;39mWelcome to [0m[1mArago 2025.01[0m[0;1;39m![0m

[    8.499977] systemd[1]: Hostname set to <am64xx-evm>.
]3008;start=540870eaf53546d099c8a63a02adbdbf;user=root;hostname=am64xx-evm;machineid=53a6015ac8ae4fc6a631082bca70a1cd;bootid=50f56126e1fc46bb9b52ca66988eea10;pid=1;pidfdid=2;comm=systemd;type=boot\[    9.497488] systemd[1]: Queued start job for default target Graphical Interface.
[    9.543656] systemd[1]: Created slice Slice /system/getty.
[[0;32m  OK  [0m] Created slice [0;1;39mSlice /system/getty[0m.
[    9.564852] systemd[1]: Created slice Slice /system/modprobe.
[[0;32m  OK  [0m] Created slice [0;1;39mSlice /system/modprobe[0m.
[    9.584775] systemd[1]: Created slice Slice /system/serial-getty.
[[0;32m  OK  [0m] Created slice [0;1;39mSlice /system/serial-getty[0m.
[    9.608056] systemd[1]: Created slice User and Session Slice.
[[0;32m  OK  [0m] Created slice [0;1;39mUser and Session Slice[0m.
[    9.625765] systemd[1]: Started Dispatch Password Requests to Console Directory Watch.
[[0;32m  OK  [0m] Started [0;1;39mDispatch Password Requests to Console Directory Watch[0m.
[    9.645729] systemd[1]: Started Forward Password Requests to Wall Directory Watch.
[[0;32m  OK  [0m] Started [0;1;39mForward Password Requests to Wall Directory Watch[0m.
[    9.665493] systemd[1]: Expecting device /dev/ttyS2...
         Expecting device [0;1;39m/dev/ttyS2[0m...
[    9.681503] systemd[1]: Reached target NFS client services.
[[0;32m  OK  [0m] Reached target [0;1;39mNFS client services[0m.
[    9.701450] systemd[1]: Reached target Path Units.
[[0;32m  OK  [0m] Reached target [0;1;39mPath Units[0m.
[    9.717379] systemd[1]: Reached target Preparation for Remote File Systems.
[[0;32m  OK  [0m] Reached target [0;1;39mPreparation for Remote File Systems[0m.
[    9.737346] systemd[1]: Reached target Remote File Systems.
[[0;32m  OK  [0m] Reached target [0;1;39mRemote File Systems[0m.
[    9.753396] systemd[1]: Reached target Slice Units.
[[0;32m  OK  [0m] Reached target [0;1;39mSlice Units[0m.
[    9.769441] systemd[1]: Reached target Swaps.
[[0;32m  OK  [0m] Reached target [0;1;39mSwaps[0m.
[    9.818736] systemd[1]: Listening on RPCbind Server Activation Socket.
[[0;32m  OK  [0m] Listening on [0;1;39mRPCbind Server Activation Socket[0m.
[    9.837460] systemd[1]: Reached target RPC Port Mapper.
[[0;32m  OK  [0m] Reached target [0;1;39mRPC Port Mapper[0m.
[    9.864194] systemd[1]: Listening on Query the User Interactively for a Password.
[[0;32m  OK  [0m] Listening on [0;1;39mQuery the User Interactively for a Password[0m.
[    9.896680] systemd[1]: Listening on Process Core Dump Socket.
[[0;32m  OK  [0m] Listening on [0;1;39mProcess Core Dump Socket[0m.
[    9.921762] systemd[1]: Listening on Credential Encryption/Decryption.
[[0;32m  OK  [0m] Listening on [0;1;39mCredential Encryption/Decryption[0m.
[    9.952143] systemd[1]: Listening on Factory Reset Management.
[[0;32m  OK  [0m] Listening on [0;1;39mFactory Reset Management[0m.
[    9.970130] systemd[1]: Journal Audit Socket skipped, unmet condition check ConditionSecurity=audit
[    9.980238] systemd[1]: Listening on Journal Socket (/dev/log).
[[0;32m  OK  [0m] Listening on [0;1;39mJournal Socket (/dev/log)[0m.
[    9.998231] systemd[1]: Listening on Journal Sockets.
[[0;32m  OK  [0m] Listening on [0;1;39mJournal Sockets[0m.
[   10.029328] systemd[1]: Listening on Console Output Muting Service Socket.
[[0;32m  OK  [0m] Listening on [0;1;39mConsole Output Muting Service Socket[0m.
[   10.050747] systemd[1]: Listening on Network Management Resolve Hook Socket.
[[0;32m  OK  [0m] Listening on [0;1;39mNetwork Management Resolve Hook Socket[0m.
[   10.070718] systemd[1]: Listening on Network Management Varlink Socket.
[[0;32m  OK  [0m] Listening on [0;1;39mNetwork Management Varlink Socket[0m.
[   10.090443] systemd[1]: Listening on Network Management Netlink Socket.
[[0;32m  OK  [0m] Listening on [0;1;39mNetwork Management Netlink Socket[0m.
[   10.110179] systemd[1]: Listening on Resolve Monitor Varlink Socket.
[[0;32m  OK  [0m] Listening on [0;1;39mResolve Monitor Varlink Socket[0m.
[   10.130091] systemd[1]: Listening on Resolve Service Varlink Socket.
[[0;32m  OK  [0m] Listening on [0;1;39mResolve Service Varlink Socket[0m.
[   10.150175] systemd[1]: Listening on udev Control Socket.
[[0;32m  OK  [0m] Listening on [0;1;39mudev Control Socket[0m.
[   10.169942] systemd[1]: Listening on udev Kernel Socket.
[[0;32m  OK  [0m] Listening on [0;1;39mudev Kernel Socket[0m.
[   10.190103] systemd[1]: Listening on udev Varlink Socket.
[[0;32m  OK  [0m] Listening on [0;1;39mudev Varlink Socket[0m.
[   10.210129] systemd[1]: Listening on User Database Manager Socket.
[[0;32m  OK  [0m] Listening on [0;1;39mUser Database Manager Socket[0m.
[   10.239406] systemd[1]: Mounting Huge Pages File System...
         Mounting [0;1;39mHuge Pages File System[0m...
[   10.266240] systemd[1]: Mounting POSIX Message Queue File System...
         Mounting [0;1;39mPOSIX Message Queue File System[0m...
[   10.321570] systemd[1]: Mounting Kernel Debug File System...
         Mounting [0;1;39mKernel Debug File System[0m...
[   10.362205] systemd[1]: Kernel Trace File System skipped, unmet condition check ConditionPathExists=/sys/kernel/tracing
[   10.395406] systemd[1]: tmp.mount: x-systemd.graceful-option=usrquota specified, but option is not available, suppressing.
[   10.433737] systemd[1]: Mounting Temporary Directory /tmp...
         Mounting [0;1;39mTemporary Directory /tmp[0m...
[   10.473769] systemd[1]: Starting Create List of Static Device Nodes...
         Starting [0;1;39mCreate List of Static Device Nodes[0m...
[   10.501902] systemd[1]: Load Kernel Module configfs skipped, unmet condition check ConditionKernelModuleLoaded=!configfs
[   10.542413] systemd[1]: Mounting Kernel Configuration File System...
         Mounting [0;1;39mKernel Configuration File System[0m...
[   10.593750] systemd[1]: Starting Load Kernel Module drm...
         Starting [0;1;39mLoad Kernel Module drm[0m...
[   10.633721] systemd[1]: Starting Load Kernel Module fuse...
         Starting [0;1;39mLoad Kernel Module fuse[0m...[   10.650305] systemd[1]: Clear SysFail Entry If The Boot Is Successful skipped, unmet condition check ConditionPathExists=/sys/firmware/efi/efivars/LoaderEntrySysFail-4a67b082-0a4c-41cf-b6c7-440b29bb8c4f

[   10.696575] systemd[1]: File System Check on Root Device skipped, unmet condition check ConditionPathIsReadWrite=!/
[   10.717624] systemd[1]: Clear Stale Hibernate Storage Info skipped, unmet condition check ConditionPathExists=/sys/firmware/efi/efivars/HibernateLocation-8cf2644b-4b0b-428f-9387-6d876050dc67
[   10.782680] systemd[1]: Starting Journal Service...
         Starting [0;1;39mJournal Service[0m...
[   10.818801] fuse: init (API version 7.45)
[   10.853360] systemd[1]: Starting Load Kernel Modules...
         Starting [0;1;39mLoad Kernel Modules[0m...
[   10.884576] systemd[1]: Starting Generate Network Units from Kernel Command Line...
         Starting [0;1;39mGenerate Network Units from Kernel Command Line[0m...
[   10.926237] systemd[1]: Starting Remount Root and Kernel File Systems...
         Starting [0;1;39mRemount Root and Kernel File Systems[0m...
[   10.974819] systemd[1]: Starting Load udev Rules from Credentials...
         Starting [0;1;39mLoad udev Rules from Credentials[0m...
[   11.034304] systemd[1]: Starting Coldplug All udev Devices...
         Starting [0;1;39mColdplug All udev Devices[0m...
[   11.093434] systemd[1]: Mounted Huge Pages File System.
[[0;32m  OK  [0m] Mounted [0;1;39mHuge Pages File System[0m.
[   11.126003] systemd[1]: Mounted POSIX Message Queue File System.
[[0;32m  OK  [0m] Mounted [0;1;39mPOSIX Message Queue File System[0m.
[   11.154832] systemd[1]: Mounted Kernel Debug File System.
[[0;32m  OK  [0m] Mounted [0;1;39mKernel Debug File System[0m.
[   11.179493] systemd[1]: Mounted Temporary Directory /tmp.
[[0;32m  OK  [0m] Mounted [0;1;39mTemporary Directory /tmp[0m.
[   11.213644] systemd[1]: Finished Create List of Static Device Nodes.
[[0;32m  OK  [0m] Finished [0;1;39mCreate List of Static Device Nodes[0m.
[   11.246292] systemd[1]: Mounted Kernel Configuration File System.
[[0;32m  OK  [0m] Mounted [0;1;39mKernel Configuration File System[0m.
[   11.275269] systemd[1]: modprobe@drm.service: Deactivated successfully.
[   11.290829] systemd[1]: Finished Load Kernel Module drm.
[[0;32m  OK  [0m] Finished [0;1;39mLoad Kernel Module drm[0m.
[   11.319822] systemd[1]: modprobe@fuse.service: Deactivated successfully.
[   11.336748] systemd[1]: Finished Load Kernel Module fuse.
[[0;32m  OK  [0m] Finished [0;1;39mLoad Kernel Module fuse[0m.
[   11.367979] systemd[1]: Finished Load Kernel Modules.
[[0;32m  OK  [0m] Finished [0;1;39mLoad Kernel Modules[0m.
[   11.430526] systemd[1]: Finished Generate Network Units from Kernel Command Line.
[[0;32m  OK  [0m] Finished [0;1;39mGenerate Network Units from Kernel Command Line[0m.
[   11.483132] systemd[1]: Mounting FUSE Control File System...
         Mounting [0;1;39mFUSE Control File System[0m...
[   11.550169] systemd[1]: Starting Apply Kernel Variables...
         Starting [0;1;39mApply Kernel Variables[0m...
[   11.601308] EXT4-fs (mmcblk1p2): re-mounted 7a81c518-bc75-4400-aaa9-69af7ec61b74.
[   11.612650] systemd[1]: Starting Create Static Device Nodes in /dev gracefully...
         Starting [0;1;39mCreate Static Device Nodes in /dev gracefully[0m...
[   11.655203] systemd[1]: Finished Load udev Rules from Credentials.
[[0;32m  OK  [0m] Finished [0;1;39mLoad udev Rules from Credentials[0m.
[   11.676231] systemd-journald[107]: Collecting audit messages is disabled.
[   11.690757] systemd[1]: Finished Remount Root and Kernel File Systems.
[[0;32m  OK  [0m] Finished [0;1;39mRemount Root and Kernel File Systems[0m.
[   11.725823] systemd[1]: Mounted FUSE Control File System.
[[0;32m  OK  [0m] Mounted [0;1;39mFUSE Control File System[0m.
[   11.754661] systemd[1]: Rebuild Hardware Database skipped, unmet condition check ConditionNeedsUpdate=/etc
[   11.913629] systemd[1]: Finished Apply Kernel Variables.
[[0;32m  OK  [0m] Finished [0;1;39mApply Kernel Variables[0m.
[   12.039818] systemd[1]: Finished Create Static Device Nodes in /dev gracefully.
[[0;32m  OK  [0m] Finished [0;1;39mCreate Static Device Nodes in /dev gracefully[0m.
[   12.070455] systemd[1]: Create System Users skipped, no trigger condition checks were met.
[   12.114426] systemd[1]: Starting Network Name Resolution...
         Starting [0;1;39mNetwork Name Resolution[0m...
[   12.166208] systemd[1]: Starting Network Time Synchronization...
         Starting [0;1;39mNetwork Time Synchronization[0m...
[   12.210069] systemd[1]: Starting Create Static Device Nodes in /dev...
         Starting [0;1;39mCreate Static Device Nodes in /dev[0m...
[   12.245634] systemd[1]: Started Journal Service.
[[0;32m  OK  [0m] Started [0;1;39mJournal Service[0m.
         Starting [0;1;39mFlush Journal to Persistent Storage[0m...
         Starting [0;1;39mUser Database Manager[0m...
[[0;32m  OK  [0m] Finished [0;1;39mCreate Static Device Nodes in /dev[0m.
[[0;32m  OK  [0m] Reached target [0;1;39mPreparation for Local File Systems[0m.
[   12.669826] systemd-journald[107]: Received client request to flush runtime journal.
         Mounting [0;1;39m/var/volatile[0m...
         Starting [0;1;39mRule-based Manager for Device Events and Files[0m...
[[0;32m  OK  [0m] Finished [0;1;39mFlush Journal to Persistent Storage[0m.
[[0;32m  OK  [0m] Mounted [0;1;39m/var/volatile[0m.
         Starting [0;1;39mLoad/Save OS Random Seed[0m...
[[0;32m  OK  [0m] Reached target [0;1;39mLocal File Systems[0m.
[[0;32m  OK  [0m] Listening on [0;1;39mBoot Entries Service Socket[0m.
         Starting [0;1;39mAutomatic Boot Loader Update[0m...
         Starting [0;1;39mCreate System Files and Directories[0m...
         Starting [0;1;39mLoad JSON user/group Records from Credentials[0m...
[[0;32m  OK  [0m] Finished [0;1;39mLoad/Save OS Random Seed[0m.
[[0;32m  OK  [0m] Finished [0;1;39mAutomatic Boot Loader Update[0m.
[[0;32m  OK  [0m] Finished [0;1;39mLoad JSON user/group Records from Credentials[0m.
[[0;32m  OK  [0m] Finished [0;1;39mCreate System Files and Directories[0m.
         Starting [0;1;39mRPC Bind[0m...
         Starting [0;1;39mRecord System Boot/Shutdown in UTMP[0m...
[[0;32m  OK  [0m] Started [0;1;39mUser Database Manager[0m.
[[0;32m  OK  [0m] Finished [0;1;39mRecord System Boot/Shutdown in UTMP[0m.
[[0;32m  OK  [0m] Started [0;1;39mRule-based Manager for Device Events and Files[0m.
[[0;32m  OK  [0m] Started [0;1;39mRPC Bind[0m.
[[0;32m  OK  [0m] Started [0;1;39mNetwork Name Resolution[0m.
[[0;32m  OK  [0m] Reached target [0;1;39mHost and Network Name Lookups[0m.
[[0;32m  OK  [0m] Started [0;1;39mNetwork Time Synchronization[0m.
[[0;32m  OK  [0m] Reached target [0;1;39mSystem Time Set[0m.
[   17.333360] platform led-controller: deferred probe pending: leds-gpio: Failed to get GPIO '/led-controller/led-0'
[   17.353177] ti_sci_pm_domains 44043000.system-controller:power-controller: sync_state() pending due to b00000.temperature-sensor
[   17.377168] ti_sci_pm_domains 44043000.system-controller:power-controller: sync_state() pending due to 40900000.crypto
[   17.401231] ti_sci_pm_domains 44043000.system-controller:power-controller: sync_state() pending due to 30080000.icssg
[   17.421190] ti_sci_pm_domains 44043000.system-controller:power-controller: sync_state() pending due to 30000000.icssg
[   17.441159] ti_sci_pm_domains 44043000.system-controller:power-controller: sync_state() pending due to e010000.watchdog
[   17.465150] ti_sci_pm_domains 44043000.system-controller:power-controller: sync_state() pending due to e000000.watchdog
[   17.489193] ti_sci_pm_domains 44043000.system-controller:power-controller: sync_state() pending due to 23200000.counter
[   17.509165] ti_sci_pm_domains 44043000.system-controller:power-controller: sync_state() pending due to 23100000.pwm
[   17.533155] ti_sci_pm_domains 44043000.system-controller:power-controller: sync_state() pending due to bus@f4000:wiz@f000000
[   17.553190] ti_sci_pm_domains 44043000.system-controller:power-controller: sync_state() pending due to bus@f4000:r5fss@78400000
[   17.577202] ti_sci_pm_domains 44043000.system-controller:power-controller: sync_state() pending due to bus@f4000:r5fss@78000000
[   17.601197] ti_sci_pm_domains 44043000.system-controller:power-controller: sync_state() pending due to f900000.cdns-usb
[[0m[0;31m*     [0m] (1 of 2) A start job is running for Coldplug All udev Devices (7s / no limit)
M[K[[0;1;31m*[0m[0;31m*    [0m] (1 of 2) A start job is running for Coldplug All udev Devices (8s / no limit)
M[K[[0;32m  OK  [0m] Finished [0;1;39mColdplug All udev Devices[0m.
[K[[0;32m  OK  [0m] Reached target [0;1;39mSystem Initialization[0m.
[[0;32m  OK  [0m] Started [0;1;39mDaily rotation of log files[0m.
[[0;32m  OK  [0m] Started [0;1;39mTimer service to update the IP on OLED each 10s[0m.
[[0;32m  OK  [0m] Started [0;1;39mDaily Cleanup of Temporary Directories[0m.
[[0;32m  OK  [0m] Reached target [0;1;39mTimer Units[0m.
[[0;32m  OK  [0m] Listening on [0;1;39mAvahi mDNS/DNS-SD Stack Activation Socket[0m.
[[0;32m  OK  [0m] Listening on [0;1;39mD-Bus System Message Bus Socket[0m.
         Starting [0;1;39mDocker Socket for the API[0m...
[[0;32m  OK  [0m] Listening on [0;1;39mdropbear.socket[0m.
[[0;32m  OK  [0m] Listening on [0;1;39mPC/SC Smart Card Daemon Activation Socket[0m.
[[0;32m  OK  [0m] Listening on [0;1;39mHostname Service Socket[0m.
[[0;32m  OK  [0m] Listening on [0;1;39mUser Login Management Varlink Socket[0m.
         Starting [0;1;39mReboot and dump vmcore via kexec[0m...
[[0;32m  OK  [0m] Listening on [0;1;39mDocker Socket for the API[0m.
[[0;32m  OK  [0m] Reached target [0;1;39mSocket Units[0m.
         Starting [0;1;39mD-Bus System Message Bus[0m...
[[0;32m  OK  [0m] Finished [0;1;39mReboot and dump vmcore via kexec[0m.
[[0;32m  OK  [0m] Started [0;1;39mD-Bus System Message Bus[0m.
[[0;32m  OK  [0m] Reached target [0;1;39mBasic System[0m.
[[0;32m  OK  [0m] Started [0;1;39mJob spooling tools[0m.
         Starting [0;1;39mAvahi mDNS/DNS-SD Stack[0m...
[[0;32m  OK  [0m] Started [0;1;39mPeriodic Command Scheduler[0m.
         Starting [0;1;39mPrint notice about GPLv3 packages[0m...
         Starting [0;1;39mIPv6 Packet Filtering Framework[0m...
         Starting [0;1;39mIPv4 Packet Filtering Framework[0m...
[[0;32m  OK  [0m] Started [0;1;39mMultiple Spanning Tree Protocol Daemon[0m.
         Starting [0;1;39mTelephony service[0m...
         Starting [0;1;39mExpand the rootfs partition to full size of the boot device.[0m...
[[0;32m  OK  [0m] Started [0;1;39mSeat management daemon[0m.
         Starting [0;1;39mUser Login Management[0m...
[[0;32m  OK  [0m] Finished [0;1;39mIPv6 Packet Filtering Framework[0m.
[[0;32m  OK  [0m] Finished [0;1;39mIPv4 Packet Filtering Framework[0m.
[[0;32m  OK  [0m] Started [0;1;39mAvahi mDNS/DNS-SD Stack[0m.
[[0;32m  OK  [0m] Started [0;1;39mTelephony service[0m.
[[0;32m  OK  [0m] Reached target [0;1;39mPreparation for Network[0m.
         Starting [0;1;39mNetwork Management[0m...
[   20.236889] Bluetooth: Core ver 2.22
[   20.247410] NET: Registered PF_BLUETOOTH protocol family
[   20.258622] Bluetooth: HCI device and connection manager initialized
[   20.272362] Bluetooth: HCI socket layer initialized
[   20.284850] Bluetooth: L2CAP socket layer initialized
[   20.296609] Bluetooth: SCO socket layer initialized
[[0;32m  OK  [0m] Finished [0;1;39mExpand the rootfs partition to full size of the boot device.[0m.
[   21.796082] cfg80211: Loading compiled-in X.509 certificates for regulatory database
[   21.858469] Loaded X.509 cert 'sforshee: 00b28ddf47aef9cea7'
[   21.872340] Loaded X.509 cert 'wens: 61c038651aabdcf94bd0ac7ff06c7248db18c600'
[[0;32m  OK  [0m] Started [0;1;39mNetwork Management[0m.
[[0;32m  OK  [0m] Reached target [0;1;39mNetwork[0m.
         Starting [0;1;39mcontainerd container runtime[0m...
         Starting [0;1;39mLLDP daemon[0m...
[[0;32m  OK  [0m] Started [0;1;39mNetperf Benchmark Server[0m.
         Starting [0;1;39mSimple Network Management Protocol (SNMP) Daemon.[0m...
         Starting [0;1;39mEnable Persistent Storage in systemd-networkd[0m...
         Starting [0;1;39mWait for Network to be Configured[0m...
         Starting [0;1;39mPermit User Sessions[0m...
[[0;32m  OK  [0m] Started [0;1;39mUser Login Management[0m.
[[0;32m  OK  [0m] Finished [0;1;39mPermit User Sessions[0m.
[[0;32m  OK  [0m] Started [0;1;39mGetty on tty1[0m.
[[0;32m  OK  [0m] Finished [0;1;39mEnable Persistent Storage in systemd-networkd[0m.
[[0;32m  OK  [0m] Started [0;1;39mLLDP daemon[0m.
[[0;32m  OK  [0m] Started [0;1;39mSimple Network Management Protocol (SNMP) Daemon.[0m.
[[0;32m  OK  [0m] Found device [0;1;39m/dev/ttyS2[0m.
[[0;32m  OK  [0m] Started [0;1;39mSerial Getty on ttyS2[0m.
[[0;32m  OK  [0m] Reached target [0;1;39mLogin Prompts[0m.
[   27.547957] am65-cpsw-nuss 8000000.ethernet eth0: PHY [8000f00.mdio:00] driver [TI DP83867] (irq=POLL)
[   27.628907] am65-cpsw-nuss 8000000.ethernet eth0: configuring for phy/rgmii-rxid link mode
[[0;32m  OK  [0m] Started [0;1;39mcontainerd container runtime[0m.
[   27.849671] am65-cpsw-nuss 8000000.ethernet eth1: PHY [8000f00.mdio:01] driver [TI DP83867] (irq=POLL)
[   27.892452] am65-cpsw-nuss 8000000.ethernet eth1: configuring for phy/rgmii-rxid link mode
[!p]104\[0m[?7h[1G[0J[6n[32766;32766H[6n[56;1H[!p]104\[0m[?7h[1G[0J[6n[32766;32766H[6n[56;1H]3008;start=d5f4050b6cf74c5c83309ed0d9e2932d;user=root;hostname=am64xx-evm;machineid=53a6015ac8ae4fc6a631082bca70a1cd;bootid=50f56126e1fc46bb9b52ca66988eea10;pid=312;pidfdid=313;comm=(agetty);servicename=serial-getty@ttyS2.service;invocationid=f97a63b0c7df467a9493f069d8d5319c;type=service\P+q6E616D65\
 _____                    _____           _         _   
|  _  |___ ___ ___ ___   |  _  |___ ___  |_|___ ___| |_ 
|     |  _| .'| . | . |  |   __|  _| . | | | -_|  _|  _|
|__|__|_| |__,|_  |___|  |__|  |_| |___|_| |___|___|_|  
              |___|                    |___|            

Arago Project am64xx-evm ttyS2

Arago 2025.01 am64xx-evm ttyS2

Type 'root' to login with superuser privileges (no password will be asked).

am64xx-evm login: [   31.763169] am65-cpsw-nuss 8000000.ethernet eth0: Link is Up - 1Gbps/Full - flow control rx/tx
[   32.020614] am65-cpsw-nuss 8000000.ethernet eth1: Link is Up - 1Gbps/Full - flow control off
***************************************************************
***************************************************************
NOTICE: This file system contains the following GPL-3.0 packages:
	adwaita-icon-theme-symbolic
	autoconf
	babeltrace2
	bash-dev
	bash
	bc
	binutils-dev
	binutils
	cifs-utils
	coreutils-stdbuf
	coreutils
	cpio
	cpp-symlinks
	cpp
	dosfstools
	elfutils-dev
	elfutils
	findutils
	g++-symlinks
	g++
	gawk
	gcc-symlinks
	gcc
	gdb
	gdbserver
	gettext
	glmark2
	gnu-config
	grub-common
	grub-editenv
	grub-efi
	gzip
	hidapi
	kbd-dev
	kbd-keymaps-pine
	less
	libasm1
	libatomic-dev
	libatomic1
	libbfd
	libdebuginfod1
	libdw1
	libelf1
	libgcc-s-dev
	libgcc1
	libgdbm-compat4
	libgdbm-dev
	libgdbm6
	libgettextlib
	libgettextsrc
	libgmp-dev
	libgmp10
	libgmpxx4
	libgnutls-dev
	libgnutls-openssl27
	libgomp1
	libidn2-0
	libidn2-dev
	libmpc3
	libmpfr6
	libopcodes
	libreadline-dev
	libreadline8
	libstdc++-dev
	libstdc++6
	libtalloc2
	libtasn1-dev
	libunistring-dev
	libunistring5
	m4
	make
	nettle-dev
	nettle
	parted
	piglit
	tar
	which

If you do not wish to distribute GPL-3.0 components please remove
the above packages prior to distribution.  This can be done using
the opkg remove command.  i.e.:
    opkg remove <package>
Where <package> is the name printed in the list above

NOTE: If the package is a dependency of another package you
      will be notified of the dependent packages.  You should
      use the --force-removal-of-dependent-packages option to
      also remove the dependent packages as well
***************************************************************
***************************************************************
[   39.136216] bridge: filtering via arp/ip/ip6tables is no longer available by default. Update your scripts to load br_netfilter if you need this.
[   43.035517] omap-mailbox 29020000.mailbox: omap mailbox rev 0x66fc9100
[   43.131870] omap-mailbox 29040000.mailbox: omap mailbox rev 0x66fc9100
[   43.213699] omap-mailbox 29060000.mailbox: omap mailbox rev 0x66fc9100
[   43.334130] at24 0-0051: supply vcc not found, using dummy regulator
[   43.359078] lm75 1-0048: supply vs not found, using dummy regulator
[   43.493758] at24 0-0051: 65536 byte 24c512 EEPROM, writable, 1 bytes/write
[   43.513750] hwmon hwmon0: temp1_input not attached to any thermal zone
[   43.605867] lm75 1-0048: hwmon0: sensor 'tmp100'
[   43.641887] lm75 1-0049: supply vs not found, using dummy regulator
[   43.676923] hwmon hwmon1: temp1_input not attached to any thermal zone
[   43.749457] lm75 1-0049: hwmon1: sensor 'tmp100'
[   44.379866] k3-m4-rproc 5000000.m4fss: assigned reserved memory node memory@a4000000
[   44.387705] platform 78000000.r5f: R5F core may have been powered on by a different host, programmed state (0) != actual state (1)
[   44.421662] k3-m4-rproc 5000000.m4fss: configured M4F for remoteproc mode
[   44.445331] platform 78000000.r5f: configured R5F for IPC-only mode
[   44.486104] remoteproc remoteproc2: 5000000.m4fss is available
[   44.512072] platform 78000000.r5f: assigned reserved memory node memory@a0000000
[   44.576956] remoteproc remoteproc2: powering up 5000000.m4fss
[   44.589116] remoteproc remoteproc2: Booting fw image am64-mcu-m4f0_0-fw, size 88356
[   44.610153] rproc-virtio rproc-virtio.0.auto: assigned reserved memory node memory@a4000000
[   44.630098] virtio_rpmsg_bus virtio0: rpmsg host is online
[   44.635719] virtio_rpmsg_bus virtio0: creating channel rpmsg-client-sample addr 0xd
[   44.643504] virtio_rpmsg_bus virtio0: creating channel rpmsg_chrdev addr 0xe
[   44.657358] rproc-virtio rproc-virtio.0.auto: registered virtio0 (type 7)
[   44.673161] remoteproc remoteproc2: remote processor 5000000.m4fss is now up
[   44.685110] remoteproc remoteproc0: 78000000.r5f is available
[   44.737186] remoteproc remoteproc0: attaching to 78000000.r5f
[   44.773560] rproc-virtio rproc-virtio.1.auto: assigned reserved memory node memory@a0000000
[   44.801704] virtio_rpmsg_bus virtio1: rpmsg host is online
[   44.856836] rproc-virtio rproc-virtio.1.auto: registered virtio1 (type 7)
[   44.925138] remoteproc remoteproc0: remote processor 78000000.r5f is now attached
[   45.054033] platform 78200000.r5f: R5F core may have been powered on by a different host, programmed state (0) != actual state (1)
[   45.219992] platform 78200000.r5f: configured R5F for IPC-only mode
[   45.309246] platform 78200000.r5f: assigned reserved memory node memory@a1000000
[   45.409897] remoteproc remoteproc1: 78200000.r5f is available
[   45.497375] remoteproc remoteproc1: attaching to 78200000.r5f
[   45.584890] remoteproc remoteproc1: remote processor 78200000.r5f is now attached
[   45.843387] platform 78400000.r5f: configured R5F for remoteproc mode
[   45.904322] platform 78400000.r5f: assigned reserved memory node memory@a2000000
[   45.959752] remoteproc remoteproc3: 78400000.r5f is available
[   46.024840] platform 78600000.r5f: configured R5F for remoteproc mode
[   46.043879] remoteproc remoteproc3: powering up 78400000.r5f
[   46.055303] remoteproc remoteproc3: Booting fw image am64-main-r5f1_0-fw, size 93260
[   46.077816] rproc-virtio rproc-virtio.3.auto: assigned reserved memory node memory@a2000000
[   46.101724] virtio_rpmsg_bus virtio2: rpmsg host is online
[   46.107352] virtio_rpmsg_bus virtio2: creating channel rpmsg_chrdev addr 0xe
[   46.120918] rproc-virtio rproc-virtio.3.auto: registered virtio2 (type 7)
[   46.136964] remoteproc remoteproc3: remote processor 78400000.r5f is now up
[   46.213269] platform 78600000.r5f: assigned reserved memory node memory@a3000000
[   46.323017] remoteproc remoteproc4: 78600000.r5f is available
[   46.413743] remoteproc remoteproc4: powering up 78600000.r5f
[   46.421218] remoteproc remoteproc4: Booting fw image am64-main-r5f1_1-fw, size 91520
[   46.452807] rproc-virtio rproc-virtio.4.auto: assigned reserved memory node memory@a3000000
[   46.472301] virtio_rpmsg_bus virtio3: rpmsg host is online
[   46.477959] virtio_rpmsg_bus virtio3: creating channel rpmsg_chrdev addr 0xe
[   46.491899] rproc-virtio rproc-virtio.4.auto: registered virtio3 (type 7)
[   46.506389] remoteproc remoteproc4: remote processor 78600000.r5f is now up
[   48.197770] 30028000.serial: ttyS3 at MMIO 0x30028000 (irq = 528, base_baud = 12000000) is a 16550A
[   48.253295] remoteproc remoteproc5: 30034000.pru is available
[   48.297347] remoteproc remoteproc6: 30004000.rtu is available
[   48.348343] remoteproc remoteproc7: 3000a000.txpru is available
[   48.405331] remoteproc remoteproc8: 30038000.pru is available
[   48.463044] remoteproc remoteproc9: 30006000.rtu is available
[   48.531655] remoteproc remoteproc10: 3000c000.txpru is available
[   48.598549] remoteproc remoteproc11: 300b4000.pru is available
[   48.647487] remoteproc remoteproc12: 30084000.rtu is available
[   48.693284] remoteproc remoteproc13: 3008a000.txpru is available
[   48.745631] remoteproc remoteproc14: 300b8000.pru is available
[   48.814153] remoteproc remoteproc15: 30086000.rtu is available
[   48.824320] xhci-hcd xhci-hcd.5.auto: xHCI Host Controller
[   48.873254] remoteproc remoteproc16: 3008c000.txpru is available
[   48.886640] xhci-hcd xhci-hcd.5.auto: new USB bus registered, assigned bus number 1
[   48.948492] xhci-hcd xhci-hcd.5.auto: hcc params 0x200073c9 hci version 0x100 quirks 0x0000002000008010
[   49.101261] xhci-hcd xhci-hcd.5.auto: irq 537, io mem 0x0f410000
[   49.181512] xhci-hcd xhci-hcd.5.auto: xHCI Host Controller
[   49.246452] xhci-hcd xhci-hcd.5.auto: new USB bus registered, assigned bus number 2
[   49.325261] xhci-hcd xhci-hcd.5.auto: Host supports USB 3.0 SuperSpeed
[   49.409502] hub 1-0:1.0: USB hub found
[   49.453266] hub 1-0:1.0: 1 port detected
[   49.514082] usb usb2: We don't know the algorithms for LPM for this host, disabling LPM.
[   49.623480] hub 2-0:1.0: USB hub found
[   49.634702] hub 2-0:1.0: 1 port detected
[   49.846010] wl18xx_driver wl18xx.2.auto: Direct firmware load for ti-connectivity/wl1271-nvs.bin failed with error -2
[   49.985207] usb 2-1: new SuperSpeed USB device number 2 using xhci-hcd
[   50.209898] wlcore: wl18xx HW: 183x or 180x, PG 2.2 (ROM 0x11)
[   50.228577] wlcore: loaded
[   50.840449] wlcore: using inverted interrupt logic: 2
[   50.921663] wlcore: PHY firmware version: Rev 8.2.0.0.245
[   51.020504] wlcore: firmware booted (Rev 8.9.0.0.86)
root
[   52.226067] usb-storage 2-1:1.0: USB Mass Storage device detected
[   52.249201] scsi host0: usb-storage 2-1:1.0
[   53.266852] scsi 0:0:0:0: Direct-Access      USB      SanDisk 3.2Gen1 1.00 PQ: 0 ANSI: 7
[   53.295409] sd 0:0:0:0: [sda] 240253440 512-byte logical blocks: (123 GB/115 GiB)
[   53.318173] sd 0:0:0:0: [sda] Write Protect is off
[   53.332340] sd 0:0:0:0: [sda] Write cache: disabled, read cache: enabled, doesn't support DPO or FUA
[   53.389805]  sda: sda1 sda2
[   53.394249] sd 0:0:0:0: [sda] Attached SCSI removable disk
]3008;start=8582d4596b95449aaa355536c2ca7256;user=root;hostname=am64xx-evm;machineid=53a6015ac8ae4fc6a631082bca70a1cd;bootid=50f56126e1fc46bb9b52ca66988eea10;pid=312;pidfdid=313;comm=login;targetuser=root;sessionid=c1;type=session\7[r[999;999H[6n8root@am64xx-evm:~# [   56.956270] EXT4-fs (sda2): mounted filesystem 06883515-4288-4985-b5ef-cbd7d92e2d0b r/w with ordered data mode. Quota mode: none.
