Broadcast message from root@am64xx-evm (Fri 2026-05-15 00:31:15 UTC):

The system will reboot now!

         Stopping Session c1 of User root...
[  OK  ] Removed slice Slice /system/dropbear.
[  OK  ] Removed slice Slice /system/modprobe.
[  OK  ] Stopped target Graphical Interface.
[  OK  ] Stopped target Multi-User System.
[  OK  ] Stopped target Login Prompts.
[  OK  ] Stopped target RPC Port Mapper.
[  OK  ] Stopped target Timer Units.
[  OK  ] Stopped Daily rotation of log files.
[  OK  ] Stopped Timer service to update the IP on OLED each 10s.
[  OK  ] Stopped Daily Cleanup of Temporary Directories.
[  OK  ] Closed Load/Save RF Kill Switch Status /dev/rfkill Watch.
         Stopping Job spooling tools...
         Stopping Avahi mDNS/DNS-SD Stack...
         Stopping benchmark_server.service...
         Stopping Periodic Command Scheduler...
         Stopping Docker Application Container Engine...
         Stopping Getty on tty1...
         Stopping irqbalance daemon...
         Stopping Reboot and dump vmcore via kexec...
         Stopping LLDP daemon...
         Stopping Netperf Benchmark Server...
         Stopping Telephony service...
[  OK  ] Stopped Expand the rootfs partition to full size of the boot device..
         Stopping Seat management daemon...
         Stopping Serial Getty on ttyS2...
         Stopping Simple Network Management Protocol (SNMP) Daemon....
         Stopping strongSwan IPsec IKEv1/IKEv2 daemon using ipsec.conf...
         Stopping Enable Persistent Storage in systemd-networkd...
         Stopping Load/Save OS Random Seed...
[  OK  ] Stopped Load udev Rules from Credentials.
[  OK  ] Stopped Job spooling tools.
[  OK  ] Stopped Avahi mDNS/DNS-SD Stack.
[  OK  ] Stopped Periodic Command Scheduler.
[  OK  ] Stopped irqbalance daemon.
[  OK  ] Stopped Telephony service.
[  OK  ] Stopped Seat management daemon.
[  OK  ] Stopped LLDP daemon.
[  OK  ] Stopped Netperf Benchmark Server.
[  OK  ] Stopped Simple Network Management Protocol (SNMP) Daemon..
[  OK  ] Stopped Getty on tty1.
[  OK  ] Stopped Serial Getty on ttyS2.
[  OK  ] Stopped benchmark_server.service.
[  OK  ] Stopped Docker Application Container Engine.
[  OK  ] Stopped strongSwan IPsec IKEv1/IKEv2 daemon using ipsec.conf.
[  OK  ] Stopped Reboot and dump vmcore via kexec.
[  OK  ] Stopped Load/Save OS Random Seed.
[  OK  ] Stopped Session c1 of User root.
[  OK  ] Stopped Enable Persistent Storage in systemd-networkd.
[  OK  ] Removed slice Slice /system/getty.
[  OK  ] Removed slice Slice /system/serial-getty.
[  OK  ] Stopped target Network is Online.
[  OK  ] Stopped target Host and Network Name Lookups.
[  OK  ] Stopped target System Time Set.
         Stopping containerd container runtime...
[  OK  ] Stopped Wait for Network to be Configured.
         Stopping Permit User Sessions...
         Stopping User Manager for UID 0...
[  OK  ] Stopped containerd container runtime.
[  OK  ] Stopped Permit User Sessions.
[  OK  ] Stopped User Manager for UID 0.
[  OK  ] Stopped target Network.
[  OK  ] Stopped target Remote File Systems.
[  OK  ] Stopped target Preparation for Remote File Systems.
[  OK  ] Stopped target NFS client services.
         Stopping Network Management...
[  OK  ] Stopped Load JSON user/group Records from Credentials.
         Stopping User Runtime Directory /run/user/0...
[  OK  ] Stopped Network Management.
[  OK  ] Stopped target Preparation for Network.
[  OK  ] Stopped IPv6 Packet Filtering Framework.
[  OK  ] Stopped IPv4 Packet Filtering Framework.
         Stopping Multiple Spanning Tree Protocol Daemon...
[  OK  ] Stopped Generate Network Units from Kernel Command Line.
[  OK  ] Unmounted /run/user/0.
[  OK  ] Stopped Multiple Spanning Tree Protocol Daemon.
[  OK  ] Stopped User Runtime Directory /run/user/0.
[  OK  ] Removed slice User Slice of UID 0.
         Stopping User Login Management...
[  OK  ] Stopped User Login Management.
[  OK  ] Stopped target Basic System.
[  OK  ] Stopped target Path Units.
[  OK  ] Stopped Dispatch Password Requests to Console Directory Watch.
[  OK  ] Stopped Forward Password Requests to Wall Directory Watch.
[  OK  ] Stopped target Slice Units.
[  OK  ] Removed slice User and Session Slice.
[  OK  ] Stopped target Socket Units.
[  OK  ] Closed Avahi mDNS/DNS-SD Stack Activation Socket.
[  OK  ] Closed Docker Socket for the API.
[  OK  ] Closed dropbear.socket.
[  OK  ] Closed PC/SC Smart Card Daemon Activation Socket.
[  OK  ] Closed Hostname Service Socket.
[  OK  ] Closed User Login Management Varlink Socket.
[  OK  ] Closed Console Output Muting Service Socket.
[  OK  ] Closed Network Management Resolve Hook Socket.
[  OK  ] Closed Network Management Varlink Socket.
[  OK  ] Closed Network Management Netlink Socket.
         Stopping D-Bus System Message Bus...
[  OK  ] Stopped D-Bus System Message Bus.
[  OK  ] Closed D-Bus System Message Bus Socket.
[  OK  ] Stopped target System Initialization.
[  OK  ] Stopped Automatic Boot Loader Update.
         Stopping Network Name Resolution...
         Stopping Network Time Synchronization...
         Stopping Record System Boot/Shutdown in UTMP...
         Stopping TEE Supplicant on teepriv0...
[  OK  ] Stopped Network Name Resolution.
[  OK  ] Stopped Network Time Synchronization.
[  OK  ] Stopped Record System Boot/Shutdown in UTMP.
[  OK  ] Closed Resolve Monitor Varlink Socket.
[  OK  ] Closed Resolve Service Varlink Socket.
[  OK  ] Stopped Apply Kernel Variables.
[  OK  ] Closed Process Core Dump Socket.
[  OK  ] Stopped Load Kernel Modules.
[  OK  ] Stopped Create System Files and Directories.
[  OK  ] Stopped target Local File Systems.
         Unmounting /run/media/boot-mmcblk1p1...
         Unmounting Temporary Directory /tmp...
         Unmounting /var/volatile...
[  OK  ] Stopped TEE Supplicant on teepriv0.
[  OK  ] Unmounted Temporary Directory /tmp.
[  OK  ] Unmounted /run/media/boot-mmcblk1p1.
[  OK  ] Unmounted /var/volatile.
[  OK  ] Removed slice Slice /system/tee-supplicant.
[  OK  ] Stopped target Swaps.
[  OK  ] Reached target Unmount All Filesystems.
[  OK  ] Stopped File System Check on /dev/mmcblk1p1.
[  OK  ] Removed slice Slice /system/systemd-fsck.
[  OK  ] Stopped target Preparation for Local File Systems.
[  OK  ] Stopped Remount Root and Kernel File Systems.
[  OK  ] Stopped Create Static Device Nodes in /dev.
[  OK  ] Stopped Create Static Device Nodes in /dev gracefully.
[  OK  ] Reached target System Shutdown.
[  OK  ] Reached target Late Shutdown Services.
[  OK  ] Finished System Reboot.
[  OK  ] Reached target System Reboot.
[  152.483213] watchdog: watchdog0: nowayout prevents watchdog being stopped!
[  152.490205] watchdog: watchdog0: watchdog did not stop!
[  152.525191] systemd-shutdown[1]: Using hardware watchdog /dev/watchdog0: 'K3 RTI Watchdog', version 0.
[  152.534632] systemd-shutdown[1]: Modifying watchdog hardware timeout is not supported, reusing the programmed timeout.
[  152.545453] systemd-shutdown[1]: Watchdog running with a hardware timeout of 1min.
[  152.565406] systemd-shutdown[1]: Syncing filesystems and block devices.
[  152.588393] systemd-shutdown[1]: Sending SIGTERM to remaining processes...
[  152.619880] systemd-journald[108]: Received SIGTERM from PID 1 (systemd-shutdow).
[  152.655523] systemd-shutdown[1]: Sending SIGKILL to remaining processes...
[  152.678292] systemd-shutdown[1]: Unmounting file systems.
[  152.692251] (sd-umount)[1273]: Unmounting '/run/credentials/systemd-journald.service'.
[  152.703469] (sd-remount)[1274]: Remounting '/' read-only with options ''.
[  152.752938] EXT4-fs (mmcblk1p2): re-mounted 7a81c518-bc75-4400-aaa9-69af7ec61b74 ro.
[  152.774256] systemd-shutdown[1]: All filesystems unmounted.
[  152.779953] systemd-shutdown[1]: Deactivating swaps.
[  152.785139] systemd-shutdown[1]: All swaps deactivated.
[  152.790388] systemd-shutdown[1]: Detaching loop devices.
[  152.806972] systemd-shutdown[1]: All loop devices detached.
[  152.812629] systemd-shutdown[1]: Stopping MD devices.
[  152.818223] systemd-shutdown[1]: All MD devices stopped.
[  152.823575] systemd-shutdown[1]: Detaching DM devices.
[  152.829103] systemd-shutdown[1]: All DM devices detached.
[  152.834529] systemd-shutdown[1]: All filesystems, swaps, loop devices, MD devices and DM devices detached.
[  152.844207] watchdog: watchdog0: nowayout prevents watchdog being stopped!
[  152.851135] watchdog: watchdog0: watchdog did not stop!
[  152.865385] systemd-shutdown[1]: Syncing filesystems and block devices.
[  152.872416] systemd-shutdown[1]: Rebooting.
[  152.997665] reboot: Restarting system

U-Boot SPL 2026.01-g2549829cc194 (May 14 2026 - 08:08:16 +0900)
SYSFW ABI: 4.0 (firmware rev 0x000c '12.0.2--v12.00.02 (Clever Cat)')
EEPROM not available at 0x50, trying to read at 0x51
Set clock rates for '/a53@0', CPU: 1000MHz at Speed Grade 'S'
SPL initial stack usage: 13528 bytes
Trying to boot from MMC2
Authentication passed
Authentication passed
Loading Environment from nowhere... OK
Authentication passed
Authentication passed
Starting ATF on ARM64 core...

NOTICE:  BL31: v2.14.0(release):sandbox/v2.14-472-g76500ceaee
NOTICE:  BL31: Built : 11:33:22, Feb  2 2026
I/TC:
I/TC: OP-TEE version: 4.9.0-49-gf2a7ad063 (gcc version 15.2.0 (GCC)) #1 Tue Mar  3 09:03:35 UTC 2026 aarch64
I/TC: WARNING: This OP-TEE configuration might be insecure!
I/TC: WARNING: Please check https://optee.readthedocs.io/en/latest/architecture/porting_guidelines.html
I/TC: Primary CPU initializing
I/TC: GIC redistributor base address not provided
I/TC: Assuming default GIC group status and modifier
I/TC: SYSFW ABI: 4.0 (firmware rev 0x000c '12.0.2--v12.00.02 (Clever Cat)')
I/TC: Activated SA2UL device
I/TC: Enabled firewalls for SA2UL TRNG device
I/TC: EIP76D TRNG initialized
I/TC: SA2UL Drivers initialized
I/TC: HUK Initialized
I/TC: Disabling output console

U-Boot SPL 2026.01-g2549829cc194 (May 14 2026 - 08:09:09 +0900)
SYSFW ABI: 4.0 (firmware rev 0x000c '12.0.2--v12.00.02 (Clever Cat)')
Trying to boot from MMC2
Authentication passed
Authentication passed


U-Boot 2026.01-g2549829cc194 (May 14 2026 - 08:09:09 +0900)

SoC:   AM64X SR2.0 HS-FS
Reset reason: RST
Model: Texas Instruments AM642 SK
Board: AM64B-SKEVM rev A
DRAM:  2 GiB
Core:  103 devices, 36 uclasses, devicetree: separate
MMC:   mmc@fa00000: 1
Loading Environment from nowhere... OK
In:    serial@2800000
Out:   serial@2800000
Err:   serial@2800000
Failed to probe prueth driver
Net:   eth0: ethernet@8000000port@1, eth1: ethernet@8000000port@2
Hit any key to stop autoboot: 0
switch to partitions #0, OK
mmc1 is current device
SD/MMC found on device 1
574 bytes read in 1 ms (560.5 KiB/s)
Loaded env from uEnv.txt
Importing environment from mmc1 ...
42686976 bytes read in 451 ms (90.3 MiB/s)
Failed to load 'ti-core-initramfs.cpio.xz'
WARNING: Initramfs not found, continuing without initramfs
63022 bytes read in 3 ms (20 MiB/s)
Working FDT set to 88000000
## Flattened Device Tree blob at 88000000
   Booting using the fdt blob at 0x88000000
Working FDT set to 88000000
   Loading Device Tree to 00000000fcd6e000, end 00000000fce80fff ... OK
Working FDT set to fcd6e000

Starting kernel ...

[    0.000000] Booting Linux on physical CPU 0x0000000000 [0x410fd034]
[    0.000000] Linux version 6.18.13-gc21449208550 (nstel@KimKiYoun-PC) (aarch64-oe-linux-gcc (GCC) 15.2.0, GNU ld (GNU Binutils) 2.46) #1 SMP PREEMPT Thu May 14 09:49:02 KST 2026
[    0.000000] KASLR enabled
[    0.000000] Machine model: Texas Instruments AM642 SK
[    0.000000] earlycon: ns16550a0 at MMIO32 0x0000000002800000 (options '')
[    0.000000] printk: legacy bootconsole [ns16550a0] enabled
[    0.000000] efi: UEFI not found.
[    0.000000] OF: reserved mem: 0x000000009e800000..0x000000009fffffff (24576 KiB) nomap non-reusable optee@9e800000
[    0.000000] Reserved memory: created DMA memory pool at 0x00000000a0000000, size 1 MiB
[    0.000000] OF: reserved mem: initialized node memory@a0000000, compatible id shared-dma-pool
[    0.000000] OF: reserved mem: 0x00000000a0000000..0x00000000a00fffff (1024 KiB) nomap non-reusable memory@a0000000
[    0.000000] Reserved memory: created DMA memory pool at 0x00000000a0100000, size 15 MiB
[    0.000000] OF: reserved mem: initialized node memory@a0100000, compatible id shared-dma-pool
[    0.000000] OF: reserved mem: 0x00000000a0100000..0x00000000a0ffffff (15360 KiB) nomap non-reusable memory@a0100000
[    0.000000] Reserved memory: created DMA memory pool at 0x00000000a1000000, size 1 MiB
[    0.000000] OF: reserved mem: initialized node memory@a1000000, compatible id shared-dma-pool
[    0.000000] OF: reserved mem: 0x00000000a1000000..0x00000000a10fffff (1024 KiB) nomap non-reusable memory@a1000000
[    0.000000] Reserved memory: created DMA memory pool at 0x00000000a1100000, size 15 MiB
[    0.000000] OF: reserved mem: initialized node memory@a1100000, compatible id shared-dma-pool
[    0.000000] OF: reserved mem: 0x00000000a1100000..0x00000000a1ffffff (15360 KiB) nomap non-reusable memory@a1100000
[    0.000000] Reserved memory: created DMA memory pool at 0x00000000a2000000, size 1 MiB
[    0.000000] OF: reserved mem: initialized node memory@a2000000, compatible id shared-dma-pool
[    0.000000] OF: reserved mem: 0x00000000a2000000..0x00000000a20fffff (1024 KiB) nomap non-reusable memory@a2000000
[    0.000000] Reserved memory: created DMA memory pool at 0x00000000a2100000, size 15 MiB
[    0.000000] OF: reserved mem: initialized node memory@a2100000, compatible id shared-dma-pool
[    0.000000] OF: reserved mem: 0x00000000a2100000..0x00000000a2ffffff (15360 KiB) nomap non-reusable memory@a2100000
[    0.000000] Reserved memory: created DMA memory pool at 0x00000000a3000000, size 1 MiB
[    0.000000] OF: reserved mem: initialized node memory@a3000000, compatible id shared-dma-pool
[    0.000000] OF: reserved mem: 0x00000000a3000000..0x00000000a30fffff (1024 KiB) nomap non-reusable memory@a3000000
[    0.000000] Reserved memory: created DMA memory pool at 0x00000000a3100000, size 15 MiB
[    0.000000] OF: reserved mem: initialized node memory@a3100000, compatible id shared-dma-pool
[    0.000000] OF: reserved mem: 0x00000000a3100000..0x00000000a3ffffff (15360 KiB) nomap non-reusable memory@a3100000
[    0.000000] Reserved memory: created DMA memory pool at 0x00000000a4000000, size 1 MiB
[    0.000000] OF: reserved mem: initialized node memory@a4000000, compatible id shared-dma-pool
[    0.000000] OF: reserved mem: 0x00000000a4000000..0x00000000a40fffff (1024 KiB) nomap non-reusable memory@a4000000
[    0.000000] Reserved memory: created DMA memory pool at 0x00000000a4100000, size 15 MiB
[    0.000000] OF: reserved mem: initialized node memory@a4100000, compatible id shared-dma-pool
[    0.000000] OF: reserved mem: 0x00000000a4100000..0x00000000a4ffffff (15360 KiB) nomap non-reusable memory@a4100000
[    0.000000] OF: reserved mem: 0x00000000a5000000..0x00000000a57fffff (8192 KiB) nomap non-reusable memory@a5000000
[    0.000000] NUMA: Faking a node at [mem 0x0000000080000000-0x00000000ffffffff]
[    0.000000] NODE_DATA(0) allocated [mem 0xffbf5d00-0xffbf837f]
[    0.000000] Zone ranges:
[    0.000000]   DMA      [mem 0x0000000080000000-0x00000000ffffffff]
[    0.000000]   DMA32    empty
[    0.000000]   Normal   empty
[    0.000000] Movable zone start for each node
[    0.000000] Early memory node ranges
[    0.000000]   node   0: [mem 0x0000000080000000-0x000000009e7fffff]
[    0.000000]   node   0: [mem 0x000000009e800000-0x00000000a57fffff]
[    0.000000]   node   0: [mem 0x00000000a5800000-0x00000000ffffffff]
[    0.000000] Initmem setup node 0 [mem 0x0000000080000000-0x00000000ffffffff]
[    0.000000] cma: Reserved 32 MiB at 0x00000000fac00000
[    0.000000] psci: probing for conduit method from DT.
[    0.000000] psci: PSCIv1.1 detected in firmware.
[    0.000000] psci: Using standard PSCI v0.2 function IDs
[    0.000000] psci: Trusted OS migration not required
[    0.000000] psci: SMC Calling Convention v1.5
[    0.000000] percpu: Embedded 25 pages/cpu s63064 r8192 d31144 u102400
[    0.000000] Detected VIPT I-cache on CPU0
[    0.000000] CPU features: detected: GICv3 CPU interface
[    0.000000] CPU features: kernel page table isolation forced ON by KASLR
[    0.000000] CPU features: detected: Kernel page table isolation (KPTI)
[    0.000000] CPU features: detected: ARM erratum 845719
[    0.000000] alternatives: applying boot alternatives
[    0.000000] Kernel command line: console=ttyS2,115200n8 earlycon=ns16550a,mmio32,0x02800000 root=PARTUUID=076c4a2a-02 rw rootfstype=ext4 rootwait
[    0.000000] printk: log buffer data + meta data: 131072 + 458752 = 589824 bytes
[    0.000000] Dentry cache hash table entries: 262144 (order: 9, 2097152 bytes, linear)
[    0.000000] Inode-cache hash table entries: 131072 (order: 8, 1048576 bytes, linear)
[    0.000000] software IO TLB: SWIOTLB bounce buffer size adjusted to 2MB
[    0.000000] software IO TLB: area num 2.
[    0.000000] software IO TLB: mapped [mem 0x00000000fd600000-0x00000000fd800000] (2MB)
[    0.000000] Fallback order for Node 0: 0
[    0.000000] Built 1 zonelists, mobility grouping on.  Total pages: 524288
[    0.000000] Policy zone: DMA
[    0.000000] mem auto-init: stack:all(zero), heap alloc:off, heap free:off
[    0.000000] SLUB: HWalign=64, Order=0-3, MinObjects=0, CPUs=2, Nodes=1
[    0.000000] rcu: Preemptible hierarchical RCU implementation.
[    0.000000] rcu:     RCU event tracing is enabled.
[    0.000000] rcu:     RCU restricting CPUs from NR_CPUS=512 to nr_cpu_ids=2.
[    0.000000]  Trampoline variant of Tasks RCU enabled.
[    0.000000]  Tracing variant of Tasks RCU enabled.
[    0.000000] rcu: RCU calculated value of scheduler-enlistment delay is 25 jiffies.
[    0.000000] rcu: Adjusting geometry for rcu_fanout_leaf=16, nr_cpu_ids=2
[    0.000000] RCU Tasks: Setting shift to 1 and lim to 1 rcu_task_cb_adjust=1 rcu_task_cpu_ids=2.
[    0.000000] RCU Tasks Trace: Setting shift to 1 and lim to 1 rcu_task_cb_adjust=1 rcu_task_cpu_ids=2.
[    0.000000] NR_IRQS: 64, nr_irqs: 64, preallocated irqs: 0
[    0.000000] GICv3: GIC: Using split EOI/Deactivate mode
[    0.000000] GICv3: 256 SPIs implemented
[    0.000000] GICv3: 0 Extended SPIs implemented
[    0.000000] Root IRQ handler: gic_handle_irq
[    0.000000] GICv3: GICv3 features: 16 PPIs
[    0.000000] GICv3: GICD_CTLR.DS=0, SCR_EL3.FIQ=1
[    0.000000] GICv3: CPU0: found redistributor 0 region 0:0x0000000001840000
[    0.000000] ITS [mem 0x01820000-0x0182ffff]
[    0.000000] GIC: enabling workaround for ITS: Socionext Synquacer pre-ITS
[    0.000000] ITS@0x0000000001820000: Devices Table too large, reduce ids 20->19
[    0.000000] ITS@0x0000000001820000: allocated 524288 Devices @80800000 (flat, esz 8, psz 64K, shr 0)
[    0.000000] ITS: using cache flushing for cmd queue
[    0.000000] GICv3: using LPI property table @0x0000000080040000
[    0.000000] GIC: using cache flushing for LPI property table
[    0.000000] GICv3: CPU0: using allocated LPI pending table @0x0000000080050000
[    0.000000] rcu: srcu_init: Setting srcu_struct sizes based on contention.
[    0.000000] arch_timer: cp15 timer running at 200.00MHz (phys).
[    0.000000] clocksource: arch_sys_counter: mask: 0x3ffffffffffffff max_cycles: 0x2e2049d3e8, max_idle_ns: 440795210634 ns
[    0.000001] sched_clock: 58 bits at 200MHz, resolution 5ns, wraps every 4398046511102ns
[    0.010423] Console: colour dummy device 80x25
[    0.015106] Calibrating delay loop (skipped), value calculated using timer frequency.. 400.00 BogoMIPS (lpj=800000)
[    0.025789] pid_max: default: 32768 minimum: 301
[    0.030629] LSM: initializing lsm=capability,selinux
[    0.035772] SELinux:  Initializing.
[    0.039950] Mount-cache hash table entries: 4096 (order: 3, 32768 bytes, linear)
[    0.047535] Mountpoint-cache hash table entries: 4096 (order: 3, 32768 bytes, linear)
[    0.058596] rcu: Hierarchical SRCU implementation.
[    0.063589] rcu:     Max phase no-delay instances is 1000.
[    0.069241] Timer migration: 1 hierarchy levels; 8 children per group; 1 crossnode level
[    0.077806] fsl-mc MSI: msi-controller@1820000 domain created
[    0.086909] EFI services will not be available.
[    0.092036] smp: Bringing up secondary CPUs ...
[    0.097807] Detected VIPT I-cache on CPU1
[    0.097962] GICv3: CPU1: found redistributor 1 region 0:0x0000000001860000
[    0.097983] GICv3: CPU1: using allocated LPI pending table @0x0000000080060000
[    0.098049] CPU1: Booted secondary processor 0x0000000001 [0x410fd034]
[    0.098308] smp: Brought up 1 node, 2 CPUs
[    0.127720] SMP: Total of 2 processors activated.
[    0.132533] CPU: All CPU(s) started at EL2
[    0.136788] CPU features: detected: 32-bit EL0 Support
[    0.142048] CPU features: detected: 32-bit EL1 Support
[    0.147318] CPU features: detected: CRC32 instructions
[    0.152585] CPU features: detected: PMUv3
[    0.156748] alternatives: applying system-wide alternatives
[    0.164441] Memory: 1856796K/2097152K available (19456K kernel code, 5462K rwdata, 13316K rodata, 3264K init, 732K bss, 199580K reserved, 32768K cma-reserved)
[    0.180489] devtmpfs: initialized
[    0.197095] clocksource: jiffies: mask: 0xffffffff max_cycles: 0xffffffff, max_idle_ns: 7645041785100000 ns
[    0.207142] posixtimers hash table entries: 1024 (order: 2, 16384 bytes, linear)
[    0.214767] futex hash table entries: 512 (32768 bytes on 1 NUMA nodes, total 32 KiB, linear).
[    0.224424] 2G module region forced by RANDOMIZE_MODULE_REGION_FULL
[    0.230948] 0 pages in range for non-PLT usage
[    0.230957] 513664 pages in range for PLT usage
[    0.235911] pinctrl core: initialized pinctrl subsystem
[    0.249357] DMI not present or invalid.
[    0.256745] NET: Registered PF_NETLINK/PF_ROUTE protocol family
[    0.264685] DMA: preallocated 256 KiB GFP_KERNEL pool for atomic allocations
[    0.273017] DMA: preallocated 256 KiB GFP_KERNEL|GFP_DMA pool for atomic allocations
[    0.282358] DMA: preallocated 256 KiB GFP_KERNEL|GFP_DMA32 pool for atomic allocations
[    0.290592] audit: initializing netlink subsys (disabled)
[    0.296577] audit: type=2000 audit(0.176:1): state=initialized audit_enabled=0 res=1
[    0.299215] thermal_sys: Registered thermal governor 'step_wise'
[    0.304567] thermal_sys: Registered thermal governor 'power_allocator'
[    0.310857] cpuidle: using governor menu
[    0.321922] hw-breakpoint: found 6 breakpoint and 4 watchpoint registers.
[    0.328973] ASID allocator initialised with 32768 entries
[    0.338153] Serial: AMBA PL011 UART driver
[    0.352588] /bus@f4000/interrupt-controller@1800000: Fixed dependency cycle(s) with /bus@f4000/interrupt-controller@1800000
[    0.412188] HugeTLB: registered 1.00 GiB page size, pre-allocated 0 pages
[    0.419177] HugeTLB: 0 KiB vmemmap can be freed for a 1.00 GiB page
[    0.425588] HugeTLB: registered 32.0 MiB page size, pre-allocated 0 pages
[    0.432527] HugeTLB: 0 KiB vmemmap can be freed for a 32.0 MiB page
[    0.438934] HugeTLB: registered 2.00 MiB page size, pre-allocated 0 pages
[    0.445870] HugeTLB: 0 KiB vmemmap can be freed for a 2.00 MiB page
[    0.452279] HugeTLB: registered 64.0 KiB page size, pre-allocated 0 pages
[    0.459216] HugeTLB: 0 KiB vmemmap can be freed for a 64.0 KiB page
[    0.469011] ACPI: Interpreter disabled.
[    0.476427] k3-chipinfo 43000014.chipid: Family:AM64X rev:SR2.0 JTAGID[0x1bb3802f] Detected
[    0.486831] iommu: Default domain type: Translated
[    0.491792] iommu: DMA domain TLB invalidation policy: strict mode
[    0.498674] SCSI subsystem initialized
[    0.503840] usbcore: registered new interface driver usbfs
[    0.509549] usbcore: registered new interface driver hub
[    0.515046] usbcore: registered new device driver usb
[    0.521993] pps_core: LinuxPPS API ver. 1 registered
[    0.527111] pps_core: Software ver. 5.3.6 - Copyright 2005-2007 Rodolfo Giometti <giometti@linux.it>
[    0.536468] PTP clock support registered
[    0.540666] EDAC MC: Ver: 3.0.0
[    0.544929] scmi_core: SCMI protocol bus registered
[    0.552173] FPGA manager framework
[    0.557606] vgaarb: loaded
[    0.561449] clocksource: Switched to clocksource arch_sys_counter
[    0.568154] VFS: Disk quotas dquot_6.6.0
[    0.572225] VFS: Dquot-cache hash table entries: 512 (order 0, 4096 bytes)
[    0.580034] pnp: PnP ACPI: disabled
[    0.593069] NET: Registered PF_INET protocol family
[    0.598444] IP idents hash table entries: 32768 (order: 6, 262144 bytes, linear)
[    0.608217] tcp_listen_portaddr_hash hash table entries: 1024 (order: 2, 16384 bytes, linear)
[    0.617123] Table-perturb hash table entries: 65536 (order: 6, 262144 bytes, linear)
[    0.625079] TCP established hash table entries: 16384 (order: 5, 131072 bytes, linear)
[    0.633316] TCP bind hash table entries: 16384 (order: 7, 524288 bytes, linear)
[    0.641488] TCP: Hash tables configured (established 16384 bind 16384)
[    0.648433] UDP hash table entries: 1024 (order: 4, 65536 bytes, linear)
[    0.655429] UDP-Lite hash table entries: 1024 (order: 4, 65536 bytes, linear)
[    0.663079] NET: Registered PF_UNIX/PF_LOCAL protocol family
[    0.669679] RPC: Registered named UNIX socket transport module.
[    0.675795] RPC: Registered udp transport module.
[    0.680607] RPC: Registered tcp transport module.
[    0.685416] RPC: Registered tcp-with-tls transport module.
[    0.691032] RPC: Registered tcp NFSv4.1 backchannel transport module.
[    0.697635] PCI: CLS 0 bytes, default 64
[    0.707833] kvm [1]: nv: 568 coarse grained trap handlers
[    0.714156] kvm [1]: IPA Size Limit: 40 bits
[    0.722183] kvm [1]: vgic-v2@100020000
[    0.726062] kvm [1]: GIC system register CPU interface enabled
[    0.732071] kvm [1]: vgic interrupt IRQ9
[    0.736122] kvm [1]: Hyp nVHE mode initialized successfully
[    0.743851] Initialise system trusted keyrings
[    0.748933] workingset: timestamp_bits=42 max_order=19 bucket_order=0
[    0.756106] squashfs: version 4.0 (2009/01/31) Phillip Lougher
[    0.762726] NFS: Registering the id_resolver key type
[    0.767994] Key type id_resolver registered
[    0.772280] Key type id_legacy registered
[    0.776406] nfs4filelayout_init: NFSv4 File Layout Driver Registering...
[    0.783264] nfs4flexfilelayout_init: NFSv4 Flexfile Layout Driver Registering...
[    0.791240] 9p: Installing v9fs 9p2000 file system support
[    0.863211] Key type asymmetric registered
[    0.867436] Asymmetric key parser 'x509' registered
[    0.872558] Block layer SCSI generic (bsg) driver version 0.4 loaded (major 242)
[    0.880447] io scheduler mq-deadline registered
[    0.885110] io scheduler kyber registered
[    0.889273] io scheduler bfq registered
[    0.905378] pinctrl-single 4084000.pinctrl: 33 pins, size 132
[    0.912043] pinctrl-single f4000.pinctrl: 180 pins, size 720
[    0.928002] ledtrig-cpu: registered to indicate activity on CPUs
[    0.993194] Serial: 8250/16550 driver, 12 ports, IRQ sharing enabled
[    1.010968] msm_serial: driver initialized
[    1.016155] SuperH (H)SCI(F) driver initialized
[    1.021306] STM32 USART driver initialized
[    1.041375] loop: module loaded
[    1.048035] megasas: 07.734.00.00-rc1
[    1.066567] tun: Universal TUN/TAP device driver, 1.6
[    1.074581] thunder_xcv, ver 1.0
[    1.078037] thunder_bgx, ver 1.0
[    1.081412] nicpf, ver 1.0
[    1.087678] e1000: Intel(R) PRO/1000 Network Driver
[    1.092736] e1000: Copyright (c) 1999-2006 Intel Corporation.
[    1.098728] e1000e: Intel(R) PRO/1000 Network Driver
[    1.103807] e1000e: Copyright(c) 1999 - 2015 Intel Corporation.
[    1.109909] igb: Intel(R) Gigabit Ethernet Network Driver
[    1.115431] igb: Copyright (c) 2007-2014 Intel Corporation.
[    1.121196] igbvf: Intel(R) Gigabit Virtual Function Network Driver
[    1.127607] igbvf: Copyright (c) 2009 - 2012 Intel Corporation.
[    1.134704] sky2: driver version 1.30
[    1.142397] VFIO - User Level meta-driver version: 0.3
[    1.156403] usbcore: registered new interface driver usb-storage
[    1.171298] i2c_dev: i2c /dev entries driver
[    1.194313] sdhci: Secure Digital Host Controller Interface driver
[    1.200710] sdhci: Copyright(c) Pierre Ossman
[    1.207594] Synopsys Designware Multimedia Card Interface Driver
[    1.216541] sdhci-pltfm: SDHCI platform and OF driver helper
[    1.229806] SMCCC: SOC_ID: ARCH_SOC_ID not implemented, skipping ....
[    1.240078] usbcore: registered new interface driver usbhid
[    1.245905] usbhid: USB HID core driver
[    1.259475] hw perfevents: enabled with armv8_cortex_a53 PMU driver, 7 (0,8000003f) counters available
[    1.275793] optee: probing for conduit method.
[    1.280452] optee: revision 4.9 (f2a7ad0638aeff52)
[    1.281085] optee: dynamic shared memory is enabled
[    1.292100] optee: initialized driver
[    1.292206] random: crng init done
[    1.303476] Initializing XFRM netlink socket
[    1.307983] NET: Registered PF_PACKET protocol family
[    1.313332] 9pnet: Installing 9P2000 support
[    1.317834] Key type dns_resolver registered
[    1.337817] registered taskstats version 1
[    1.342475] Loading compiled-in X.509 certificates
[    1.360316] Demotion targets for Node 0: null
[    1.420620] ti-sci 44043000.system-controller: ABI: 4.0 (firmware rev 0x000c '12.0.2--v12.00.02 (Clever Cat)')
[    1.607030] omap_i2c 20000000.i2c: bus 0 rev0.12 at 400 kHz
[    1.615746] pca953x 1-0070: supply vcc not found, using dummy regulator
[    1.622743] pca953x 1-0070: using no AI
[    1.643312] omap_i2c 20010000.i2c: bus 1 rev0.12 at 400 kHz
[    1.650554] ti-sci-intr bus@f4000:interrupt-controller@a00000: Interrupt Router 3 domain created
[    1.661126] ti-sci-inta 48000000.interrupt-controller: Interrupt Aggregator domain 28 created
[    1.676402] ti-udma 485c0100.dma-controller: Number of rings: 68
[    1.684563] ti-udma 485c0100.dma-controller: Channels: 24 (bchan: 12, tchan: 6, rchan: 6)
[    1.697278] ti-udma 485c0000.dma-controller: Number of rings: 288
[    1.716155] ti-udma 485c0000.dma-controller: Channels: 44 (tchan: 29, rchan: 15)
[    1.730568] printk: legacy console [ttyS2] disabled
[    1.736189] 2800000.serial: ttyS2 at MMIO 0x2800000 (irq = 310, base_baud = 3000000) is a 8250
[    1.745128] printk: legacy console [ttyS2] enabled
[    1.745128] printk: legacy console [ttyS2] enabled
[    1.754851] printk: legacy bootconsole [ns16550a0] disabled
[    1.754851] printk: legacy bootconsole [ns16550a0] disabled
[    1.775822] spi-nor spi0.0: supply vcc not found, using dummy regulator
[    1.800858] 7 fixed-partitions partitions found on MTD device fc40000.spi.0
[    1.807875] Creating 7 MTD partitions on "fc40000.spi.0":
[    1.813278] 0x000000000000-0x000000100000 : "ospi.tiboot3"
[    1.822004] 0x000000100000-0x000000300000 : "ospi.tispl"
[    1.829332] 0x000000300000-0x000000700000 : "ospi.u-boot"
[    1.837935] 0x000000700000-0x000000740000 : "ospi.env"
[    1.845974] 0x000000740000-0x000000780000 : "ospi.env.backup"
[    1.853799] 0x000000800000-0x000003fc0000 : "ospi.rootfs"
[    1.861956] 0x000003fc0000-0x000004000000 : "ospi.phypattern"
[    1.873574] am65-cpsw-nuss 8000000.ethernet: initializing am65 cpsw nuss version 0x6BA00903, cpsw version 0x6BA80903 Ports: 3 quirks:00000006
[    1.886513] am65-cpsw-nuss 8000000.ethernet: RGMII mode without internal TX delay unsupported; please fix your Device Tree
[    1.897681] am65-cpsw-nuss 8000000.ethernet: RGMII mode without internal TX delay unsupported; please fix your Device Tree
[    1.912368] davinci_mdio 8000f00.mdio: Configuring MDIO in manual mode
[    1.953458] davinci_mdio 8000f00.mdio: davinci mdio revision 9.7, bus freq 1000000
[    1.965960] davinci_mdio 8000f00.mdio: phy[0]: device 8000f00.mdio:00, driver TI DP83867
[    1.974085] davinci_mdio 8000f00.mdio: phy[1]: device 8000f00.mdio:01, driver TI DP83867
[    1.982379] am65-cpsw-nuss 8000000.ethernet: initialized cpsw ale version 1.4
[    1.989524] am65-cpsw-nuss 8000000.ethernet: ALE Table size 512, Policers 32
[    1.998311] am65-cpsw-nuss 8000000.ethernet: CPTS ver 0x4e8a010c, freq:500000000, add_val:1 pps:1
[    2.023705] am65-cpsw-nuss 8000000.ethernet: set new flow-id-base 16
[    2.041642] am65-cpts 39000000.cpts: CPTS ver 0x4e8a010c, freq:500000000, add_val:1 pps:0
[    2.097577] mmc0: CQHCI version 5.10
[    2.105716] mmc1: CQHCI version 5.10
[    2.110946] clk: Disabling unused clocks
[    2.135867] PM: genpd: Disabling unused power domains
[    2.141683] check access for rdinit=/init failed: -2, ignoring
[    2.145456] mmc0: SDHCI controller on fa10000.mmc [fa10000.mmc] using ADMA 64-bit
[    2.155062] mmc1: SDHCI controller on fa00000.mmc [fa00000.mmc] using ADMA 64-bit
[    2.163174] Waiting for root device PARTUUID=076c4a2a-02...
[    2.172104] sdhci-am654 fa10000.mmc: card claims to support voltages below defined range
[    2.191907] mmc0: new SDIO card at address 0001
[    2.236689] mmc1: new UHS-I speed SDR104 SDHC card at address aaaa
[    2.243932] mmcblk1: mmc1:aaaa SL32G 29.7 GiB
[    2.254072]  mmcblk1: p1 p2
[    2.286221] EXT4-fs (mmcblk1p2): mounted filesystem 7a81c518-bc75-4400-aaa9-69af7ec61b74 r/w with ordered data mode. Quota mode: none.
[    2.298514] VFS: Mounted root (ext4 filesystem) on device 179:2.
[    2.307351] devtmpfs: mounted
[    2.312970] Freeing unused kernel memory: 3264K
[    2.317862] Run /sbin/init as init process
[    2.500562] systemd[1]: System time advanced to timestamp on /var/lib/systemd/timesync/clock: Fri 2026-05-15 00:31:17 UTC
[    3.017675] systemd[1]: systemd 259.5 running in system mode (+PAM -AUDIT -SELINUX -APPARMOR +IMA +IPE -SMACK +SECCOMP -GCRYPT -GNUTLS -OPENSSL +ACL +BLKID -CURL -ELFUTILS -FIDO2 -IDN2 -IDN +KMOD -LIBCRYPTSETUP -LIBCRYPTSETUP_PLUGINS +LIBFDISK -PCRE2 -PWQUALITY -P11KIT -QRENCODE -TPM2 -BZIP2 -LZ4 -XZ -ZLIB +ZSTD -BPF_FRAMEWORK -BTF -XKBCOMMON +UTMP -SYSVINIT -LIBARCHIVE)
[    3.050644] systemd[1]: Detected architecture arm64.

Welcome to Arago 2025.01!

[    3.088376] systemd[1]: Hostname set to <am64xx-evm>.
[    3.589313] systemd[1]: Binding to IPv6 address not available since kernel does not support IPv6.
[    3.598325] systemd[1]: Binding to IPv6 address not available since kernel does not support IPv6.
[    3.938580] systemd[1]: Queued start job for default target Graphical Interface.
[    5.257539] systemd[1]: Created slice Slice /system/getty.
[  OK  ] Created slice Slice /system/getty.
[    5.290532] systemd[1]: Created slice Slice /system/modprobe.
[  OK  ] Created slice Slice /system/modprobe.
[    5.322615] systemd[1]: Created slice Slice /system/serial-getty.
[  OK  ] Created slice Slice /system/serial-getty.
[    5.354009] systemd[1]: Created slice User and Session Slice.
[  OK  ] Created slice User and Session Slice.
[    5.374237] systemd[1]: Started Dispatch Password Requests to Console Directory Watch.
[  OK  ] Started Dispatch Password Requests to Console Directory Watch.
[    5.394190] systemd[1]: Started Forward Password Requests to Wall Directory Watch.
[  OK  ] Started Forward Password Requests to Wall Directory Watch.
[    5.413908] systemd[1]: Expecting device /dev/ttyS2...
         Expecting device /dev/ttyS2...
[    5.425933] systemd[1]: Reached target NFS client services.
[  OK  ] Reached target NFS client services.
[    5.445870] systemd[1]: Reached target Path Units.
[  OK  ] Reached target Path Units.
[    5.461832] systemd[1]: Reached target Preparation for Remote File Systems.
[  OK  ] Reached target Preparation for Remote File Systems.
[    5.481810] systemd[1]: Reached target Remote File Systems.
[  OK  ] Reached target Remote File Systems.
[    5.497852] systemd[1]: Reached target Slice Units.
[  OK  ] Reached target Slice Units.
[    5.513895] systemd[1]: Reached target Swaps.
[  OK  ] Reached target Swaps.
[    5.569372] systemd[1]: Listening on RPCbind Server Activation Socket.
[  OK  ] Listening on RPCbind Server Activation Socket.
[    5.589876] systemd[1]: Reached target RPC Port Mapper.
[  OK  ] Reached target RPC Port Mapper.
[    5.616168] systemd[1]: Listening on Query the User Interactively for a Password.
[  OK  ] Listening on Query the User Interactively for a Password.
[    5.648622] systemd[1]: Listening on Process Core Dump Socket.
[  OK  ] Listening on Process Core Dump Socket.
[    5.674058] systemd[1]: Listening on Credential Encryption/Decryption.
[  OK  ] Listening on Credential Encryption/Decryption.
[    5.704253] systemd[1]: Listening on Factory Reset Management.
[  OK  ] Listening on Factory Reset Management.
[    5.722508] systemd[1]: Journal Audit Socket skipped, unmet condition check ConditionSecurity=audit
[    5.732705] systemd[1]: Listening on Journal Socket (/dev/log).
[  OK  ] Listening on Journal Socket (/dev/log).
[    5.750646] systemd[1]: Listening on Journal Sockets.
[  OK  ] Listening on Journal Sockets.
[    5.782033] systemd[1]: Listening on Console Output Muting Service Socket.
[  OK  ] Listening on Console Output Muting Service Socket.
[    5.803220] systemd[1]: Listening on Network Management Resolve Hook Socket.
[  OK  ] Listening on Network Management Resolve Hook Socket.
[    5.823101] systemd[1]: Listening on Network Management Varlink Socket.
[  OK  ] Listening on Network Management Varlink Socket.
[    5.842921] systemd[1]: Listening on Network Management Netlink Socket.
[  OK  ] Listening on Network Management Netlink Socket.
[    5.862528] systemd[1]: Listening on Resolve Monitor Varlink Socket.
[  OK  ] Listening on Resolve Monitor Varlink Socket.
[    5.882459] systemd[1]: Listening on Resolve Service Varlink Socket.
[  OK  ] Listening on Resolve Service Varlink Socket.
[    5.902657] systemd[1]: Listening on udev Control Socket.
[  OK  ] Listening on udev Control Socket.
[    5.922362] systemd[1]: Listening on udev Kernel Socket.
[  OK  ] Listening on udev Kernel Socket.
[    5.942518] systemd[1]: Listening on udev Varlink Socket.
[  OK  ] Listening on udev Varlink Socket.
[    5.962584] systemd[1]: Listening on User Database Manager Socket.
[  OK  ] Listening on User Database Manager Socket.
[    6.000592] systemd[1]: Mounting Huge Pages File System...
         Mounting Huge Pages File System...
[    6.047213] systemd[1]: Mounting POSIX Message Queue File System...
         Mounting POSIX Message Queue File System...
[    6.090935] systemd[1]: Mounting Kernel Debug File System...
         Mounting Kernel Debug File System...
[    6.110764] systemd[1]: Kernel Trace File System skipped, unmet condition check ConditionPathExists=/sys/kernel/tracing
[    6.125874] systemd[1]: tmp.mount: x-systemd.graceful-option=usrquota specified, but option is not available, suppressing.
[    6.154026] systemd[1]: Mounting Temporary Directory /tmp...
         Mounting Temporary Directory /tmp...
[    6.174453] systemd[1]: Create List of Static Device Nodes skipped, unmet condition check ConditionFileNotEmpty=/lib/modules/6.18.13-gc21449208550/modules.devname
[    6.189587] systemd[1]: Load Kernel Module configfs skipped, unmet condition check ConditionKernelModuleLoaded=!configfs
[    6.217904] systemd[1]: Mounting Kernel Configuration File System...
         Mounting Kernel Configuration File System...
[    6.254918] systemd[1]: Starting Load Kernel Module drm...
         Starting Load Kernel Module drm...
[    6.302902] systemd[1]: Starting Load Kernel Module fuse...
         Starting Load Kernel Module fuse...
[    6.322618] systemd[1]: Clear SysFail Entry If The Boot Is Successful skipped, unmet condition check ConditionPathExists=/sys/firmware/efi/efivars/LoaderEntrySysFail-4a67b082-0a4c-41cf-b6c7-440b29bb8c4f
[    6.341273] systemd[1]: File System Check on Root Device skipped, unmet condition check ConditionPathIsReadWrite=!/
[    6.352089] systemd[1]: Clear Stale Hibernate Storage Info skipped, unmet condition check ConditionPathExists=/sys/firmware/efi/efivars/HibernateLocation-8cf2644b-4b0b-428f-9387-6d876050dc67
[    6.403520] systemd[1]: Starting Journal Service...
         Starting Journal Service...
[    6.458832] systemd[1]: Starting Load Kernel Modules...
         Starting Load Kernel Modules...
[    6.495953] systemd[1]: Starting Generate Network Units from Kernel Command Line...
         Starting Generate Network Units from Kernel Command Line...
[    6.545070] systemd[1]: Starting Remount Root and Kernel File Systems...
         Starting Remount Root and Kernel File Systems...
[    6.601042] systemd[1]: Starting Create Static Device Nodes in /dev gracefully...
         Starting Create Static Device Nodes in /dev gracefully...
[    6.658679] systemd[1]: Starting Load udev Rules from Credentials...
         Starting Load udev Rules from Credentials...
[    6.680206] systemd-journald[256]: Collecting audit messages is disabled.
[    6.710827] systemd[1]: Starting Coldplug All udev Devices...
         Starting Coldplug All udev Devices...
[    6.929605] EXT4-fs (mmcblk1p2): re-mounted 7a81c518-bc75-4400-aaa9-69af7ec61b74.
[    7.170134] systemd[1]: Started Journal Service.
[  OK  ] Started Journal Service.
[  OK  ] Mounted Huge Pages File System.
[  OK  ] Mounted POSIX Message Queue File System.
[  OK  ] Mounted Kernel Debug File System.
[  OK  ] Mounted Temporary Directory /tmp.
[  OK  ] Mounted Kernel Configuration File System.
[  OK  ] Finished Load Kernel Module drm.
[  OK  ] Finished Load Kernel Module fuse.
[  OK  ] Finished Load Kernel Modules.
[  OK  ] Finished Generate Network Units from Kernel Command Line.
[  OK  ] Finished Remount Root and Kernel File Systems.
[  OK  ] Finished Create Static Device Nodes in /dev gracefully.
[  OK  ] Finished Load udev Rules from Credentials.
         Starting Flush Journal to Persistent Storage...
         Starting Apply Kernel Variables...
         Starting Network Time Synchronization...
[    7.706622] systemd-journald[256]: Received client request to flush runtime journal.
         Starting Create Static Device Nodes in /dev...
[  OK  ] Finished Flush Journal to Persistent Storage.
[  OK  ] Finished Apply Kernel Variables.
         Starting Network Name Resolution...
         Starting User Database Manager...
[  OK  ] Finished Create Static Device Nodes in /dev.
[  OK  ] Reached target Preparation for Local File Systems.
         Starting Rule-based Manager for Device Events and Files...
         Mounting /var/volatile...
[  OK  ] Mounted /var/volatile.
         Starting Load/Save OS Random Seed...
[  OK  ] Reached target Local File Systems.
[  OK  ] Listening on Boot Entries Service Socket.
         Starting Automatic Boot Loader Update...
         Starting Create System Files and Directories...
         Starting Load JSON user/group Records from Credentials...
[  OK  ] Started User Database Manager.
[  OK  ] Finished Load/Save OS Random Seed.
[  OK  ] Finished Automatic Boot Loader Update.
[  OK  ] Finished Load JSON user/group Records from Credentials.
[  OK  ] Finished Create System Files and Directories.
         Starting RPC Bind...
         Starting Record System Boot/Shutdown in UTMP...
[  OK  ] Finished Record System Boot/Shutdown in UTMP.
[  OK  ] Started Rule-based Manager for Device Events and Files.
[  OK  ] Started Network Time Synchronization.
[  OK  ] Started Network Name Resolution.
[  OK  ] Reached target Host and Network Name Lookups.
[  OK  ] Reached target System Time Set.
[  OK  ] Started RPC Bind.
[  OK  ] Finished Coldplug All udev Devices.
[  OK  ] Reached target System Initialization.
[  OK  ] Started Daily rotation of log files.
[  OK  ] Started Timer service to update the IP on OLED each 10s.
[  OK  ] Started Daily Cleanup of Temporary Directories.
[  OK  ] Reached target Timer Units.
[  OK  ] Listening on Avahi mDNS/DNS-SD Stack Activation Socket.
[  OK  ] Listening on D-Bus System Message Bus Socket.
         Starting Docker Socket for the API...
[  OK  ] Listening on dropbear.socket.
[  OK  ] Listening on PC/SC Smart Card Daemon Activation Socket.
[  OK  ] Listening on Hostname Service Socket.
[  OK  ] Listening on User Login Management Varlink Socket.
         Starting Reboot and dump vmcore via kexec...
[  OK  ] Listening on Docker Socket for the API.
[  OK  ] Finished Reboot and dump vmcore via kexec.
[  OK  ] Reached target Socket Units.
         Starting D-Bus System Message Bus...
[  OK  ] Started D-Bus System Message Bus.
[  OK  ] Reached target Basic System.
[  OK  ] Started Job spooling tools.
         Starting Avahi mDNS/DNS-SD Stack...
[   12.174139] platform led-controller: deferred probe pending: leds-gpio: Failed to get GPIO '/led-controller/led-0'
[   12.189657] ti_sci_pm_domains 44043000.system-controller:power-controller: sync_state() pending due to b00000.temperature-sensor
[   12.208614] ti_sci_pm_domains 44043000.system-controller:power-controller: sync_state() pending due to 40900000.crypto
[   12.220050] ti_sci_pm_domains 44043000.system-controller:power-controller: sync_state() pending due to 30080000.icssg
[   12.230958] ti_sci_pm_domains 44043000.system-controller:power-controller: sync_state() pending due to 30000000.icssg
[   12.241731] ti_sci_pm_domains 44043000.system-controller:power-controller: sync_state() pending due to e010000.watchdog
[   12.257553] ti_sci_pm_domains 44043000.system-controller:power-controller: sync_state() pending due to e000000.watchdog
[   12.268518] ti_sci_pm_domains 44043000.system-controller:power-controller: sync_state() pending due to 23200000.counter
[  OK  ] Started Periodic Command Scheduler ti_sci_pm_domains 44043000.system-controller:power-controller: sync_state() pending due to 23100000.pwm
[0m.
[   12.298848] ti_sci_pm_domains 44043000.system-controller:power-controller: sync_state() pending due to bus@f4000:wiz@f000000
[   12.311724] ti_sci_pm_domains 44043000.system-controller:power-controller: sync_state() pending due to bus@f4000:r5fss@78400000
[   12.311753] ti_sci_pm_domains 44043000.system-controller:power-controller: sync_state() pending due to bus@f4000:r5fss@78000000
[   12.311763] ti_sci_pm_domains 44043000.system-controller:power-controller: sync_state() pending due to f900000.cdns-usb
         Starting Print notice about GPLv3 packages...
         Starting IPv6 Packet Filtering Framework...
         Starting IPv4 Packet Filtering Framework...
[  OK  ] Started irqbalance daemon.
[  OK  ] Started Multiple Spanning Tree Protocol Daemon.
         Starting Telephony service...
         Starting Expand the rootfs partition to full size of the boot device....
[  OK  ] Started Seat management daemon.
         Starting User Login Management...
[  OK  ] Finished IPv6 Packet Filtering Framework.
[  OK  ] Finished IPv4 Packet Filtering Framework.
[  OK  ] Reached target Preparation for Network.
         Starting Network Management...
[  OK  ] Found device /dev/ttyS2.
[  OK  ] Started Avahi mDNS/DNS-SD Stack.
[  OK  ] Started Telephony service.
[  OK  ] Finished Expand the rootfs partition to full size of the boot device..
[  OK  ] Started User Login Management.
[  OK  ] Started Network Management.
[  OK  ] Reached target Network.
         Starting containerd container runtime...
         Starting LLDP daemon...
[  OK  ] Started Netperf Benchmark Server.
[   15.183529] am65-cpsw-nuss 8000000.ethernet eth0: PHY [8000f00.mdio:00] driver [TI DP83867] (irq=POLL)
         Starting Simple Network Management Protocol (SNMP) Daemon....
[   15.242661] am65-cpsw-nuss 8000000.ethernet eth0: configuring for phy/rgmii-rxid link mode
         Starting Enable Persistent Storage in systemd-networkd...
         Starting Wait for Network to be Configured[   15.422670] am65-cpsw-nuss 8000000.ethernet eth1: PHY [8000f00.mdio:01] driver [TI DP83867] (irq=POLL)
...
[   15.454108] am65-cpsw-nuss 8000000.ethernet eth1: configuring for phy/rgmii-rxid link mode
         Starting Permit User Sessions...
[  OK  ] Finished Permit User Sessions.
[  OK  ] Started LLDP daemon.
[  OK  ] Started Getty on tty1.
[  OK  ] Started Serial Getty on ttyS2.
[  OK  ] Reached target Login Prompts.
[  OK  ] Finished Enable Persistent Storage in systemd-networkd.
[  OK  ] Started Simple Network Management Protocol (SNMP) Daemon..
[  OK  ] Created slice Slice /system/systemd-fsck.
         Expecting device /dev/mmcblk1p1...
[   19.370887] am65-cpsw-nuss 8000000.ethernet eth0: Link is Up - 1Gbps/Full - flow control rx/tx
[  OK  ] Started containerd container runtime.
[  OK  ] Found device /dev/mmcblk1p1.
         Starting File System Check on /dev/mmcblk1p1...
[  OK  ] Finished File System Check on /dev/mmcblk1p1.
         Mounting /run/media/boot-mmcblk1p1...
[  OK  ] Mounted /run/media/boot-mmcblk1p1.
[  OK  ] Finished Wait for Network to be Configured.
[  OK  ] Reached target Network is Online.
[  OK  ] Started benchmark_server.service.
         Starting Docker Application Container Engine...
         Starting Prints IP address to OLED display in EVM...
         Starting Notify NFS peers of a restart...
[  OK  ] Started rpmsg_json.service.
[  OK  ] Started strongSwan IPsec IKEv1/IKEv2 daemon using ipsec.conf.
[  OK  ] Finished Prints IP address to OLED display in EVM.
[  OK  ] Started Notify NFS peers of a restart.
+q6E616D65
 _____                    _____           _         _
|  _  |___ ___ ___ ___   |  _  |___ ___  |_|___ ___| |_
|     |  _| .'| . | . |  |   __|  _| . | | | -_|  _|  _|
|__|__|_| |__,|_  |___|  |__|  |_| |___|_| |___|___|_|
              |___|                    |___|

Arago Project am64xx-evm ttyS2

Arago 2025.01 am64xx-evm ttyS2

Type 'root' to login with superuser privileges (no password will be asked).

am64xx-evm login: ***************************************************************
***************************************************************
NOTICE: This file system contains the following GPL-3.0 packages:
        adwaita-icon-theme-symbolic
        autoconf
        babeltrace2
        bash-dev
        bash
        bc
        binutils-dev
        binutils
        cifs-utils
        coreutils-stdbuf
        coreutils
        cpio
        cpp-symlinks
        cpp
        dosfstools
        elfutils-dev
        elfutils
        findutils
        g++-symlinks
        g++
        gawk
        gcc-symlinks
        gcc
        gdb
        gdbserver
        gettext
        glmark2
        gnu-config
        grub-common
        grub-editenv
        grub-efi
        gzip
        hidapi
        kbd-dev
        kbd-keymaps-pine
        less
        libasm1
        libatomic-dev
        libatomic1
        libbfd
        libdebuginfod1
        libdw1
        libelf1
        libgcc-s-dev
        libgcc1
        libgdbm-compat4
        libgdbm-dev
        libgdbm6
        libgettextlib
        libgettextsrc
        libgmp-dev
        libgmp10
        libgmpxx4
        libgnutls-dev
        libgnutls-openssl27
        libgomp1
        libidn2-0
        libidn2-dev
        libmpc3
        libmpfr6
        libopcodes
        libreadline-dev
        libreadline8
        libstdc++-dev
        libstdc++6
        libtalloc2
        libtasn1-dev
        libunistring-dev
        libunistring5
        m4
        make
        nettle-dev
        nettle
        parted
        piglit
        tar
        which

If you do not wish to distribute GPL-3.0 components please remove
the above packages prior to distribution.  This can be done using
the opkg remove command.  i.e.:
    opkg remove <package>
Where <package> is the name printed in the list above

NOTE: If the package is a dependency of another package you
      will be notified of the dependent packages.  You should
      use the --force-removal-of-dependent-packages option to
      also remove the dependent packages as well
***************************************************************
***************************************************************

am64xx-evm login: root
root@am64xx-evm:~# cd /boot/Image
-sh: cd: /boot/Image: Not a directory
root@am64xx-evm:~# cd /boot/
root@am64xx-evm:/boot# ls -al
total 71260
drwxr-xr-x  5 root root     4096 May 15 00:31 .
drwxr-xr-x 18 root root     4096 Mar 13 15:35 ..
drwxr-xr-x  3 root root     4096 Apr  5  2011 EFI
-rw-r--r--  1 root root 42686976 May 15 00:31 Image
-rw-r--r--  1 root root 21641728 Apr  5  2011 Image-6.18.13-ti-00778-gc21449208550-dirty
drwxr-xr-x  3 root root     4096 May 15 00:30 backup
drwxr-xr-x  3 root root     4096 Apr  5  2011 dtb
-rw-r--r--  1 root root  9959146 Apr  5  2011 fitImage
root@am64xx-evm:/boot# ls -al dtb/
total 12
drwxr-xr-x 3 root root 4096 Apr  5  2011 .
drwxr-xr-x 5 root root 4096 May 15 00:31 ..
drwxr-xr-x 2 root root 4096 May 15 00:31 ti
root@am64xx-evm:/boot# ls -al dtb/ti/k3-am642-*
-rw-r--r-- 1 root root   948 Apr  5  2011 dtb/ti/k3-am642-eqep.dtbo
-rw-r--r-- 1 root root  5809 Apr  5  2011 dtb/ti/k3-am642-evm-icssg0.dtbo
-rw-r--r-- 1 root root  2488 Apr  5  2011 dtb/ti/k3-am642-evm-icssg1-dualemac-mii.dtbo
-rw-r--r-- 1 root root  2241 Apr  5  2011 dtb/ti/k3-am642-evm-icssg1-dualemac.dtbo
-rw-r--r-- 1 root root 67808 Apr  5  2011 dtb/ti/k3-am642-evm-nand.dtb
-rw-r--r-- 1 root root  3194 Apr  5  2011 dtb/ti/k3-am642-evm-nand.dtbo
-rw-r--r-- 1 root root   823 Apr  5  2011 dtb/ti/k3-am642-evm-onboard-clkgen-pcie-serdes.dtbo
-rw-r--r-- 1 root root  1496 Apr  5  2011 dtb/ti/k3-am642-evm-pcie0-ep.dtbo
-rw-r--r-- 1 root root  1067 Apr  5  2011 dtb/ti/k3-am642-evm-sk-cpsw3g-pps.dtbo
-rw-r--r-- 1 root root 65589 Apr  5  2011 dtb/ti/k3-am642-evm.dtb
-rw-r--r-- 1 root root 64893 Apr  5  2011 dtb/ti/k3-am642-hummingboard-t-pcie.dtb
-rw-r--r-- 1 root root 64824 Apr  5  2011 dtb/ti/k3-am642-hummingboard-t-usb3.dtb
-rw-r--r-- 1 root root 64533 Apr  5  2011 dtb/ti/k3-am642-hummingboard-t.dtb
-rw-r--r-- 1 root root  1613 Apr  5  2011 dtb/ti/k3-am642-phyboard-electra-gpio-fan.dtbo
-rw-r--r-- 1 root root  2740 Apr  5  2011 dtb/ti/k3-am642-phyboard-electra-pcie-usb2.dtbo
-rw-r--r-- 1 root root  5342 Apr  5  2011 dtb/ti/k3-am642-phyboard-electra-peb-c-010.dtbo
-rw-r--r-- 1 root root 65717 Apr  5  2011 dtb/ti/k3-am642-phyboard-electra-rdk.dtb
-rw-r--r-- 1 root root  1654 Apr  5  2011 dtb/ti/k3-am642-phyboard-electra-x27-gpio1-spi1-uart3.dtbo
-rw-r--r-- 1 root root  3371 Apr  5  2011 dtb/ti/k3-am642-sk-pwm.dtbo
-rw-r--r-- 1 root root 63022 May 15 00:31 dtb/ti/k3-am642-sk.dtb
-rw-r--r-- 1 root root 69305 Apr  5  2011 dtb/ti/k3-am642-tqma64xxl-mbax4xxl.dtb
root@am64xx-evm:/boot#
